misc/swd/highs0.pkg
misc/swd/highs1.pkg
misc/swd/highs2.pkg
misc/cleft.pkg
misc/cdscroll.pkg
misc/clegal.pkg
##misc/dynamixlogo.pkg
gmb/swd/choke.chr
gmb/swd/choke.map
pin/swd/ramp2.pmp
pin/swd/main0001.pmp
pin/board.rgb
pin/night1.rgb
pin/night2.rgb
pin/night3.rgb
pin/night4.rgb
pin/night5.rgb
pin/night6.rgb
pin/night7.rgb
pin/night8.rgb
pin/night9.rgb
pin/night10.rgb
pin/night11.rgb
pin/night12.rgb
pin/night13.rgb
pin/night14.rgb
pin/night15.rgb
pin/night16.rgb
pin/swd/board.map
pin/swd/lights.map
pin/swd/tv1.map
pin/swd/tv2.map
pin/swd/tv3.map
pin/swd/tv4.map
pin/swd/digits.chr
pin/main0002.chg
pin/main0003.chg
pin/main0004.chg
pin/main0005.chg
pin/main0006.chg
pin/main0007.chg
pin/main0008.chg
pin/main0009.chg
pin/main0010.chg
pin/main0011.chg
pin/main0012.chg
pin/main0013.chg
pin/main0014.chg
pin/main0015.chg
pin/main0016.chg
pin/main0017.chg
pin/main0018.chg
pin/main0019.chg
pin/main0020.chg
pin/main0021.chg
pin/main0022.chg
pin/main0023.chg
pin/main0024.chg
pin/main0025.chg
pin/main0026.chg
pin/main0027.chg
pin/main0028.chg
pin/main0029.chg
pin/main0030.chg
pin/main0031.chg
pin/swd/players.map
##pin/swd/gplayers.map
##pin/swd/fplayers.map
##pin/swd/iplayers.map
##pin/swd/splayers.map
pin/players.rgb
pin/swd/playerbits.map
pin/swd/speed.map
pin/speed.rgb
pin/swd/speedbits.map
pin/swd/mainx.map
##pin/swd/gmainx.map
##pin/swd/fmainx.map
##pin/swd/imainx.map
##pin/swd/smainx.map
pin/mainx.rgb
misc/swd/enter.pkg
pin/options.rgb
pin/swd/options.map
##pin/swd/goptions.map
##pin/swd/foptions.map
##pin/swd/ioptions.map
##pin/swd/soptions.map
pin/swd/optionbits.map
pin/confirm.rgb
pin/swd/confirm.map
##pin/swd/gconfirm.map
##pin/swd/fconfirm.map
##pin/swd/iconfirm.map
##pin/swd/sconfirm.map
pin/swd/confirmbits.map
##pin/swd/gconfirmbits.map
##pin/swd/fconfirmbits.map
##pin/swd/iconfirmbits.map
##pin/swd/sconfirmbits.map
misc/k6.zif
misc/swd/credits1.pkg
misc/swd/credits2.pkg
misc/swd/credits3.pkg
misc/swd/credits4.pkg
misc/swd/credits5.pkg
misc/swd/credits6.pkg
misc/swd/credits7.pkg
misc/swd/credits8.pkg
misc/swd/credits9.pkg
misc/swd/credits10.pkg
misc/swd/credits11.pkg
misc/swd/credits12.pkg
misc/swd/hershey.pkg
misc/swd/sierralogo.pkg
##misc/swd/genter.pkg
##misc/swd/fenter.pkg
##misc/swd/ienter.pkg
##misc/swd/senter.pkg
##misc/swd/grecords.pkg
##misc/swd/frecords.pkg
##misc/swd/irecords.pkg
##misc/swd/srecords.pkg
fire/fire.chr
fire/swd/highscore.bg
##fire/swd/ghighscore.bg
##fire/swd/fhighscore.bg
##fire/swd/ihighscore.bg
##fire/swd/shighscore.bg
pin/swd/sub0001.pmp
pin/sub0002.chg
pin/sub0003.chg
pin/sub0004.chg
pin/sub0005.chg
pin/sub0006.chg
pin/sub0007.chg
pin/sub0008.chg
pin/sub0009.chg
pin/sub0010.chg
pin/sub0011.chg
pin/sub0012.chg
pin/sub0013.chg
pin/sub0014.chg
pin/sub0015.chg
pin/sub0016.chg
pin/sub0017.chg
pin/sub0018.chg
pin/swd/falconback.map
pin/falconback.rgb
pin/swd/falconlights.map
pin/swd/falc0001.pmp
pin/falc0002.chg
pin/falc0003.chg
pin/falc0004.chg
pin/falc0005.chg
pin/falc0006.chg
pin/falc0007.chg
pin/falc0008.chg
pin/falc0009.chg
pin/falc0010.chg
pin/falc0011.chg
pin/falc0012.chg
pin/falc0013.chg
pin/falc0014.chg
pin/falc0015.chg
pin/falc0016.chg
pin/falconred.rgb
pin/falcongreen.rgb
pin/falconblue.rgb
pin/falconyellow.rgb
pin/swd/kissback.map
pin/kissback.rgb
pin/swd/kisslights.map
pin/swd/kiss0001.pmp
pin/kiss0002.chg
pin/kiss0003.chg
pin/kiss0004.chg
pin/kiss0005.chg
pin/kiss0006.chg
pin/kiss0007.chg
pin/kiss0008.chg
pin/kiss0009.chg
pin/kiss0010.chg
pin/kiss0011.chg
pin/kiss0012.chg
pin/kiss0013.chg
pin/kiss0014.chg
pin/kiss0015.chg
pin/kiss0016.chg
pin/swd/rapidback.map
pin/rapidback.rgb
pin/swd/rapidlights.map
pin/swd/rapid0001.pmp
pin/rapid0002.chg
pin/rapid0003.chg
pin/rapid0004.chg
pin/rapid0005.chg
pin/rapid0006.chg
pin/rapid0007.chg
pin/rapid0008.chg
pin/rapid0009.chg
pin/rapid0010.chg
pin/swd/loopback.map
pin/loopback.rgb
pin/swd/looplights.map
pin/swd/loop0001.pmp
pin/swd/buildback.map
pin/buildback.rgb
pin/swd/buildlights.map
pin/swd/build0001.pmp
pin/swd/bearback.map
pin/bearback.rgb
pin/swd/bearlights.map
pin/swd/bear0001.pmp
pin/bear0002.chg
pin/bear0003.chg
pin/bear0004.chg
pin/bear0005.chg
pin/bear0006.chg
pin/bear0007.chg
pin/bear0008.chg
pin/bear0009.chg
pin/bear0010.chg
pin/bear0011.chg
pin/swd/boatback.map
pin/boatback.rgb
pin/swd/boatlights.map
pin/swd/boat0001.pmp
pin/boat0002.chg
pin/boat0003.chg
pin/boat0004.chg
pin/boat0005.chg
pin/boat0006.chg
pin/boat0007.chg
pin/boat0008.chg
pin/boat0009.chg
pin/boat0010.chg
pin/swd/raceback.map
pin/raceback.rgb
pin/swd/racelights.map
pin/swd/race0001.pmp
pin/swd/sideback.map
pin/sideback.rgb
pin/swd/sidelights.map
pin/swd/side0001.pmp
pin/side0002.chg
pin/side0003.chg
pin/side0004.chg
pin/side0005.chg
pin/side0006.chg
pin/side0007.chg
pin/swd/thrillresult.map
pin/thrillresult.rgb
pin/swd/thrilllights.map
pin/swd/funresult.map
pin/funresult.rgb
pin/swd/funlights.map
pin/swd/outback.map
pin/outback.rgb
pin/swd/outlights.map
pin/swd/out0001.pmp
pin/out0002.chg
pin/out0003.chg
pin/out0004.chg
pin/out0005.chg
pin/out0006.chg
pin/out0007.chg
pin/out0008.chg
pin/out0009.chg
pin/out0010.chg
pin/out0011.chg
pin/out0012.chg
pin/out0013.chg
pin/out0014.chg
pin/out0015.chg
pin/out0016.chg
pin/out0017.chg
pin/out0018.chg
pin/out0019.chg
pin/out0020.chg
pin/out0021.chg
pin/out0022.chg
pin/out0023.chg
pin/out0024.chg
pin/out0025.chg
pin/out0026.chg
pin/out0027.chg
pin/out0028.chg
pin/out0029.chg
pin/out0030.chg
pin/out0031.chg
pin/out0032.chg
pin/out0033.chg
pin/out0034.chg
pin/out0035.chg
pin/out0036.chg
pin/redbump.pkg
pin/red2.pkg
pin/red3.pkg
pin/red4.pkg
pin/red5.pkg
pin/bluebump.pkg
pin/blue2.pkg
pin/blue3.pkg
pin/blue4.pkg
pin/blue5.pkg
pin/greenbump.pkg
pin/green2.pkg
pin/green3.pkg
pin/green4.pkg
pin/green5.pkg
pin/yellowbump.pkg
pin/yellow2.pkg
pin/yellow3.pkg
pin/yellow4.pkg
pin/yellow5.pkg
