john/story/bsbatter.pkg
john/story/bsboom.pkg
john/story/bsbrkin.pkg
john/story/bscastle.pkg
john/story/bscellar.pkg
john/story/bschoppr.pkg
john/story/bjforest.pkg
john/story/bsfree.pkg
john/story/bsgaston.pkg
john/story/bshuman.pkg
john/story/bskiss.pkg
john/story/bslog.pkg
john/story/bslose.pkg
john/story/bsmob.pkg
john/story/bspetal.pkg
john/story/bsstoke.pkg
john/story/bswin.pkg
john/story/bsxform.pkg
john/story/bsxpetal.pkg
john/story/csbatter.pkg
john/story/csboom.pkg
john/story/csbrkin.pkg
john/story/cscastle.pkg
john/story/cscellar.pkg
john/story/cschoppr.pkg
john/story/cjforest.pkg
john/story/csfree.pkg
john/story/csgaston.pkg
john/story/cshuman.pkg
john/story/cskiss.pkg
john/story/cslog.pkg
john/story/cslose.pkg
john/story/csmob.pkg
john/story/cspetal.pkg
john/story/csstoke.pkg
john/story/cswin.pkg
john/story/csxform.pkg
john/story/csxpetal.pkg
john/multiend/bgbeast1.pkg
john/multiend/bgbeast2.pkg
john/multiend/bgbelle1.pkg
john/multiend/bgbelle2.pkg
john/multiend/bglumir1.pkg
john/multiend/bglumir2.pkg
john/multiend/bgpotts1.pkg
john/multiend/bgpotts2.pkg
john/multiend/cgbeast1.pkg
john/multiend/cgbeast2.pkg
john/multiend/cgbelle1.pkg
john/multiend/cgbelle2.pkg
john/multiend/cglumir1.pkg
john/multiend/cglumir2.pkg
john/multiend/cgpotts1.pkg
john/multiend/cgpotts2.pkg
john/board/bqbeast.pkg
john/board/cqbeast.pkg
john/board/bqbelle.pkg
john/board/cqbelle.pkg
john/board/bqlumir.pkg
john/board/cqlumir.pkg
john/board/bqpotts.pkg
john/board/cqpotts.pkg
john/target/brange.pkg
john/target/btarget.pkg
john/target/crange.pkg
john/target/ctarget.pkg
john/target/ccursor.pkg
john/shell/bshoot1.pkg
john/shell/bshoot2.pkg
john/shell/bshoot3.pkg
john/shell/bshoot4.pkg
john/shell/bshoot5.pkg
john/shell/cshoot1.pkg
john/shell/cshoot2.pkg
john/shell/cshoot3.pkg
john/shell/cshoot4.pkg
john/shell/cshoot5.pkg
john/intro/cbonus.pkg
john/intro/cborder2.pkg
john/intro/bjboom.pkg
john/intro/cjboom.pkg
john/intro/bstlose.pkg
john/intro/cstlose.pkg
john/intro/bcoggs.pkg
john/intro/ccoggs.pkg
john/intro/cellar/blumcel0.pkg
john/intro/cellar/clumcel0.pkg
john/intro/cellar/blumcel1.pkg
john/intro/cellar/clumcel1.pkg
john/intro/chip/bchip1.pkg
john/intro/chip/cchip1.pkg
john/intro/chip/bchip2.pkg
john/intro/chip/cchip2.pkg
john/intro/chopper/bbelpop0.pkg
john/intro/chopper/cbelpop0.pkg
john/intro/ride/bbelphl0.pkg
john/intro/ride/cbelphl0.pkg
john/intro/stove/bchef1.pkg
john/intro/stove/cchef1.pkg
john/intro/stove/bchef2.pkg
john/intro/stove/cchef2.pkg
john/intro/stove/bchef3.pkg
john/intro/stove/cchef3.pkg
john/intro/sultan/bsultan.pkg
john/intro/sultan/csultan.pkg
john/intro/target/blefou0.pkg
john/intro/target/clefou0.pkg
john/intro/whack/bwlfbst0.pkg
john/intro/whack/cwlfbst0.pkg
john/intro/whack/bwlfpak0.pkg
john/intro/whack/cwlfpak0.pkg
john/mirror/cmirror4.pkg
john/gaston/bgrief.pkg
john/gaston/cgrief.pkg
john/gaston/bbeat.pkg
john/gaston/cbeat.pkg
john/lucky/benchnt.pkg
john/lucky/cenchnt.pkg
john/knight/bknight.pkg
john/knight/cknight.pkg
john/match/bglass.pkg
john/match/bmdoor.pkg
john/match/bmbeast.pkg
john/match/bmbelle.pkg
john/match/bmchip.pkg
john/match/bmcogs.pkg
john/match/bmgastn.pkg
john/match/bmlumir.pkg
john/match/bmpotts.pkg
john/match/bmprof.pkg
john/match/bmlefou.pkg
john/match/bmsultn.pkg
john/match/cglass.pkg
john/match/cmdoor.pkg
john/match/cmbeast.pkg
john/match/cmbelle.pkg
john/match/cmchip.pkg
john/match/cmcogs.pkg
john/match/cmgastn.pkg
john/match/cmlumir.pkg
john/match/cmpotts.pkg
john/match/cmprof.pkg
john/match/cmlefou.pkg
john/match/cmsultn.pkg
john/match/cmarrow.pkg
john/small/cresults.chr
john/small/bsmalls1.pkg
john/small/bsmalls2.pkg
john/small/bsmalls3.pkg
john/small/bsmallm1.pkg
john/small/bsmallm2.pkg
john/small/bsmallm3.pkg
john/small/bsmallm4.pkg
john/small/csmalls1.pkg
john/small/csmalls2.pkg
john/small/csmalls3.pkg
john/small/csmallm1.pkg
john/small/csmallm2.pkg
john/small/csmallm3.pkg
john/small/csmallm4.pkg
