#SPACE 9,1e00

misc/swd/highs0.pkg
misc/swd/highs1.pkg
misc/swd/highs2.pkg
misc/swd/highs3.pkg
misc/swd/highs4.pkg
misc/swd/highs5.pkg
misc/swd/highs6.pkg
misc/swd/highs7.pkg
misc/swd/disney.pkg
misc/swd/cnin.pkg
misc/swd/cleft.pkg
misc/swd/cdscroll.pkg
misc/swd/cpaused.pkg
misc/swd/clegal.pkg
misc/swd/flndlose.pkg
misc/swd/flndwin.pkg
misc/swd/fltslose.pkg
misc/swd/fltswin.pkg
misc/swd/kisslose.pkg
misc/swd/kisswin.pkg
misc/swd/sctllose.pkg
misc/swd/sctlwin.pkg
misc/swd/soullose.pkg
misc/swd/soulwin.pkg
misc/swd/stormlose.pkg
misc/swd/stormwin.pkg
misc/swd/trsurlose.pkg
misc/swd/trsurwin.pkg
misc/swd/ursulose.pkg
misc/swd/ursulwin.pkg
misc/swd/clcklose.pkg
misc/swd/clckwin.pkg
misc/swd/dashsad.pkg
misc/swd/dashwin.pkg
misc/swd/mellose.pkg
misc/swd/melwin.pkg
misc/swd/tiplose.pkg
misc/swd/tipwin.pkg
misc/swd/volcanwin.pkg
misc/swd/volcanlose.pkg
misc/swd/polarwin.pkg
misc/swd/polarlose.pkg
misc/swd/tridwin.pkg
misc/swd/tridlose.pkg
misc/swd/morglose.pkg
misc/swd/morgwin.pkg
gmb/swd/choke.chr
gmb/swd/choke.map
pin/swd/flips000.pmp
pin/swd/l2.pmp
pin/swd/ramp2.pmp
pin/swd/two000.pmp
pin/board1.rgb
pin/swd/board1.map
pin/board2.rgb
pin/swd/board2.map
pin/swd/lights1.map
pin/swd/lights2.map
pin/swd/tv1.map
pin/swd/tv1g.map
pin/swd/tv1f.map
pin/swd/tv1i.map
pin/swd/tv1s.map
pin/swd/tv2.map
pin/swd/tv3.map
pin/swd/tv4.map
pin/swd/tv5.map
pin/swd/tv5g.map
pin/swd/tv5f.map
pin/swd/tv5i.map
pin/swd/tv5s.map
pin/swd/tv6.map
pin/swd/tv7.map
pin/swd/tv8.map
pin/swd/digits.chr
pin/swd/soulback.map
pin/swd/subdet000.pmp
pin/swd/detfld000.pmp
pin/swd/seaback.map
pin/seaback.rgb
pin/swd/scuttle.map
pin/soulback.rgb
pin/swd/souls.map
pin/flips001.chg
pin/flips002.chg
pin/flips003.chg
pin/flips004.chg
pin/flips005.chg
pin/flips006.chg
pin/flips007.chg
pin/flips008.chg
pin/flips009.chg
pin/flips010.chg
pin/flips011.chg
pin/flips012.chg
pin/flips013.chg
pin/flips014.chg
pin/flips015.chg
pin/flips016.chg
pin/flips017.chg
pin/flips018.chg
pin/flips019.chg
pin/flips020.chg
pin/flips021.chg
pin/flips022.chg
pin/flips023.chg
pin/flips024.chg
pin/flips025.chg
pin/flips026.chg
pin/flips027.chg
pin/flips028.chg
pin/flips029.chg
pin/flips030.chg
pin/flips031.chg
pin/flips032.chg
pin/flips033.chg
pin/subdet001.chg
pin/subdet002.chg
pin/subdet003.chg
pin/subdet004.chg
pin/subdet005.chg
pin/subdet006.chg
pin/subdet007.chg
pin/subdet008.chg
pin/subdet009.chg
pin/subdet010.chg
pin/subdet011.chg
pin/subdet012.chg
pin/subdet013.chg
pin/subdet014.chg
pin/subdet015.chg
pin/subdet016.chg
pin/subdet017.chg
pin/subdet018.chg
pin/subdet019.chg
pin/subdet020.chg
pin/subdet021.chg
pin/subdet022.chg
pin/subdet023.chg
pin/subdet024.chg
pin/subdet025.chg
pin/subdet026.chg
pin/subdet027.chg
pin/subdet028.chg
pin/subdet029.chg
pin/subdet030.chg
pin/subdet031.chg
pin/icedet000.chg
pin/icedet001.chg
pin/icedet002.chg
pin/icedet003.chg
pin/icedet004.chg
pin/icedet005.chg
pin/icedet006.chg
pin/icedet007.chg
pin/icedet008.chg
pin/icedet009.chg
pin/icedet010.chg
pin/icedet011.chg
pin/icedet012.chg
pin/icedet013.chg
pin/icedet014.chg
pin/icedet015.chg
pin/icedet016.chg
pin/ksdet000.chg
pin/ksdet001.chg
pin/ksdet002.chg
pin/ksdet003.chg
pin/iceback.rgb
pin/swd/iceback.map
pin/volcback.rgb
pin/swd/volcback.map
pin/tridentback.rgb
pin/swd/tridentback.map
pin/flounderback.rgb
pin/swd/flounderback.map
pin/flotsamback.rgb
pin/swd/flotsamback.map
pin/kissback.rgb
pin/swd/kissback.map
pin/swd/iceblocks.map
pin/scdet000.chg
pin/scdet001.chg
pin/scdet002.chg
pin/scdet003.chg
pin/scdet004.chg
pin/scdet005.chg
pin/scdet006.chg
pin/scdet007.chg
pin/scdet008.chg
pin/scdet009.chg
pin/scdet010.chg
pin/scdet011.chg
pin/swd/shipback.map
pin/shipback.rgb
pin/shpdet000.chg
pin/two001.chg
pin/two002.chg
pin/two003.chg
pin/two004.chg
pin/two005.chg
pin/two006.chg
pin/two007.chg
pin/two008.chg
pin/two009.chg
pin/two010.chg
pin/two011.chg
pin/two012.chg
pin/two013.chg
pin/two014.chg
pin/two015.chg
pin/two016.chg
pin/two017.chg
pin/two018.chg
pin/two019.chg
pin/two020.chg
pin/two021.chg
pin/two022.chg
pin/two023.chg
pin/two024.chg
pin/two025.chg
pin/two026.chg
pin/two027.chg
pin/two028.chg
pin/detfld001.chg
pin/detfld002.chg
pin/detfld003.chg
pin/detfld004.chg
pin/swd/fltdt000.pmp
pin/fltdt001.chg
pin/fltdt002.chg
pin/swd/uback.map
pin/uback.rgb
pin/morgback.rgb
pin/swd/morgback.map
pin/swd/ursulabs.map
pin/swd/morganabs.map
pin/udet000.chg
pin/swd/chests.map
pin/chstback.rgb
pin/swd/chstback.map
pin/detchst.chg
pin/prisonback.rgb
pin/swd/prisonback.map
pin/dashback.rgb
pin/swd/dashback.map
pin/swd/shrk000.pmp
pin/shrk001.chg
pin/shrk002.chg
pin/shrk003.chg
pin/shrk004.chg
pin/shrk005.chg
pin/shrk006.chg
pin/shrk007.chg
pin/shrk008.chg
pin/shrk009.chg
pin/shrk010.chg
pin/shrk011.chg
pin/shrk012.chg
pin/shrk013.chg
pin/shrk014.chg
pin/shrk015.chg
pin/shrk016.chg
pin/shrk017.chg
pin/shrk018.chg
pin/shrk019.chg
pin/shrk020.chg
pin/shrk021.chg
pin/shrk022.chg
pin/shrk023.chg
pin/shrk024.chg
pin/shrk025.chg
pin/shrk026.chg
pin/shrk027.chg
pin/swd/bearvid.map
pin/swd/stormvideo.map
pin/swd/treasvideo.map
pin/swd/soulvideo.map
pin/swd/scuttlevideo.map
pin/swd/kissvideo.map
pin/swd/floundvideo.map
pin/swd/eelvideo.map
pin/swd/dashvideo.map
pin/swd/ursulavideo.map
pin/swd/volcvideo.map
pin/swd/tipvideo.map
pin/swd/breakice.map
pin/dshdet001.chg
pin/dshdet002.chg
pin/dshdet003.chg
pin/swd/bear000.pmp
pin/bear001.chg
pin/bear002.chg
pin/bear003.chg
pin/bear004.chg
pin/bear005.chg
pin/bear006.chg
pin/bear007.chg
pin/bear008.chg
pin/bear009.chg
pin/bear010.chg
pin/bear011.chg
pin/bear012.chg
pin/bear013.chg
pin/bear014.chg
pin/bear015.chg
pin/bear016.chg
pin/bear017.chg
pin/bear018.chg
pin/bear019.chg
pin/bear020.chg
pin/bear021.chg
pin/bear022.chg
pin/bear023.chg
pin/bear024.chg
pin/bear025.chg
pin/bear026.chg
pin/bear027.chg
pin/bearback.rgb
pin/swd/bearback.map
pin/swd/bearbits.map
pin/swd/trapvid.map
pin/swd/players.map
pin/swd/gplayers.map
pin/swd/fplayers.map
pin/swd/iplayers.map
pin/swd/splayers.map
pin/players.rgb
pin/swd/playerbits.map
pin/swd/speed.map
pin/speed.rgb
pin/swd/speedbits.map
pin/swd/title2.map
misc/titlechars.rgb
misc/titlelogo.rgb
pin/swd/rayback.map
pin/rayback.rgb
pin/swd/tridentvid.map
pin/swd/morgvid.map
pin/swd/mainx.map
pin/swd/gmainx.map
pin/swd/fmainx.map
pin/swd/imainx.map
pin/swd/smainx.map
pin/mainx.rgb
pin/swd/cloakvid.map
pin/swd/tables.map
pin/swd/tablebits.map
pin/tables.rgb
misc/swd/enter.pkg
pin/swd/practicea0.map
pin/swd/practiceb0.map
pin/swd/practicec0.map
pin/swd/practiced0.map
pin/swd/practicee0.map
pin/swd/practicef0.map
pin/swd/practiceg0.map
pin/swd/practiceh0.map
pin/swd/practicei0.map
pin/swd/practicej0.map
pin/swd/practicek0.map
pin/swd/practicel0.map
pin/swd/practicem0.map
pin/swd/practicen0.map
pin/swd/practiceo0.map
pin/swd/practicep0.map
pin/swd/practicea1.map
pin/swd/practiceb1.map
pin/swd/practicec1.map
pin/swd/practiced1.map
pin/swd/practicee1.map
pin/swd/practicef1.map
pin/swd/practiceg1.map
pin/swd/practiceh1.map
pin/swd/practicei1.map
pin/swd/practicej1.map
pin/swd/practicek1.map
pin/swd/practicel1.map
pin/swd/practicem1.map
pin/swd/practicen1.map
pin/swd/practiceo1.map
pin/swd/practicep1.map
pin/practicea0.rgb
pin/practiceb0.rgb
pin/practicec0.rgb
pin/practiced0.rgb
pin/practicee0.rgb
pin/practicef0.rgb
pin/practiceg0.rgb
pin/practiceh0.rgb
pin/practicei0.rgb
pin/practicej0.rgb
pin/practicek0.rgb
pin/practicel0.rgb
pin/practicem0.rgb
pin/practicen0.rgb
pin/practiceo0.rgb
pin/practicep0.rgb
pin/practicea1.rgb
pin/practiceb1.rgb
pin/practicec1.rgb
pin/practiced1.rgb
pin/practicee1.rgb
pin/practicef1.rgb
pin/practiceg1.rgb
pin/practiceh1.rgb
pin/practicei1.rgb
pin/practicej1.rgb
pin/practicek1.rgb
pin/practicel1.rgb
pin/practicem1.rgb
pin/practicen1.rgb
pin/practiceo1.rgb
pin/practicep1.rgb
pin/options.rgb
pin/swd/options.map
pin/swd/goptions.map
pin/swd/foptions.map
pin/swd/ioptions.map
pin/swd/soptions.map
pin/swd/optionbits.map
pin/confirm.rgb
pin/swd/confirm.map
pin/swd/gconfirm.map
pin/swd/fconfirm.map
pin/swd/iconfirm.map
pin/swd/sconfirm.map
pin/swd/confirmbits.map
pin/swd/gconfirmbits.map
pin/swd/fconfirmbits.map
pin/swd/iconfirmbits.map
pin/swd/sconfirmbits.map
misc/swd/k6.pkg
misc/swd/credits1.pkg
misc/swd/credits2.pkg
misc/swd/credits3.pkg
misc/swd/credits4.pkg
misc/swd/credits5.pkg
misc/swd/credits6.pkg
misc/swd/credits7.pkg
pin/swd/practicebits.map
pin/swd/langx.map
pin/langx.rgb
pin/swd/langxbits.map
misc/swd/genter.pkg
misc/swd/fenter.pkg
misc/swd/ienter.pkg
misc/swd/senter.pkg
misc/swd/grecords.pkg
misc/swd/frecords.pkg
misc/swd/irecords.pkg
misc/swd/srecords.pkg
pin/swd/tvback.map
printer/swd/highsbw.rgb
printer/swd/practicea1bw.rgb
printer/swd/practiceb1bw.rgb
printer/swd/practicec1bw.rgb
printer/swd/practiced1bw.rgb
printer/swd/practicee1bw.rgb
printer/swd/practicef1bw.rgb
printer/swd/practiceg1bw.rgb
printer/swd/practiceh1bw.rgb
printer/swd/practicei1bw.rgb
printer/swd/practicej1bw.rgb
printer/swd/practicek1bw.rgb
printer/swd/practicel1bw.rgb
printer/swd/practicem1bw.rgb
printer/swd/practicen1bw.rgb
printer/swd/practiceo1bw.rgb
printer/swd/practicep1bw.rgb
printer/swd/dcopy.pkg
fire/fire.chr
fire/swd/highscore.bg
fire/swd/ghighscore.bg
fire/swd/fhighscore.bg
fire/swd/ihighscore.bg
fire/swd/shighscore.bg
