Bank #0:
 $0000 = VecReset
 $0008 = IndirectHL
 $0010 = IndirectDE
 $001f = IndirectDE.noinch
 $0040 = VecVbl
 $0048 = VecLyc
 $0050 = VecTimer
 $0058 = VecSio
 $0060 = VecKbd
 $0068 = VblInterrupt
 $00b2 = VblFinished
 $00ca = VblAbort
 $00cc = VblMissed
 $00ce = PADDING
 $0150 = TblJoyA2Dirn
 $0160 = TblJoyB2Dirn
 $0170 = TblDirn2DULR
 $0180 = TblDirn2Info
 $0190 = FigureTable
 $01be = Page01End
 $0200 = RampAwards
 $0300 = VblDoNothing
 $0303 = VblNormal
 $0306 = LycDoNothing
 $0309 = LycNormal
 $030c = LycStatus
 $030f = LycIntro
 $0312 = LycScroll
 $0315 = LycTargetRange
 $0318 = StructSmodCgb
 $031e = RebootMachine
 $033f = ResetMachine
 $0365 = ResetWaitVbl
 $0365 = ResetMachine.IsCGB
 $038c = ResetCgbLoop
 $03b8 = ResetCgbCode
 $03d0 = ResetCopyCode
 $043b = AbortGame
 $043d = ForceIntro
 $044e = MainLoop
 $0463 = MainEnter
 $046e = MainDelay
 $0474 = DoNothing
 $0475 = ArcadeStart
 $0476 = GetString
 $049e = GetString.Loop
 $04ab = FindInFileSys
 $04d0 = FindInPkgFile
 $04f5 = SwdInFileSys
 $0505 = DumpChrsInFileSys
 $0515 = BgInFileSys
 $053e = MemCopyInFileSys
 $054e = MultiplyBBW
 $0550 = MultiplyBWW
 $0559 = MultiplyBWW.Loop
 $0562 = MultiplyBWW.Skip
 $0565 = SDivideWWW
 $057b = UDivideWWW
 $0595 = UDivideWWW.skipaaa
 $05a6 = UDivideWWW.skipaab
 $05b7 = UDivideWWW.skipaac
 $05c8 = UDivideWWW.skipaad
 $05d9 = UDivideWWW.skipaae
 $05ea = UDivideWWW.skipaaf
 $05fb = UDivideWWW.skipaag
 $060c = UDivideWWW.skipaah
 $061d = UDivideWWW.skipaai
 $062e = UDivideWWW.skipaaj
 $063f = UDivideWWW.skipaak
 $0650 = UDivideWWW.skipaal
 $0661 = UDivideWWW.skipaam
 $0672 = UDivideWWW.skipaan
 $0683 = UDivideWWW.skipaao
 $0694 = UDivideWWW.skipaap
 $0699 = MemClear
 $069a = MemFill
 $069d = MemFill.Loop
 $06a5 = MemCopy
 $06a8 = MemCopy.Loop
 $06b2 = WriteByteList
 $06b9 = WriteByteAddr
 $06bd = WriteByteData
 $06c9 = WaitForVBL
 $06ce = WaitForVBL.WaitCGB
 $06d8 = WaitForVBL.WaitCGBLoop
 $06de = WaitForVBL.WaitNormal
 $06e3 = WaitForVBL.WaitNormalLoop
 $06eb = ReadJoypad
 $073b = ReadJoypadNoReset
 $0781 = WaitForRelease
 $078f = InitAutoRepeat
 $0798 = ProcAutoRepeat
 $07a5 = AutoReptLoop
 $07b4 = AutoReptNext
 $07be = ClrDisplay
 $07c1 = SetDisplay
 $07c3 = FillDisplay
 $07c5 = FillLine
 $07c8 = FillHalfLine
 $07ca = FillSync0
 $07d0 = FillSync1
 $07ec = DumpChrset
 $0800 = DumpChrs
 $0802 = DumpChrs.Loop
 $0819 = SafeDumpChrs
 $0819 = SafeDumpChrs.Loop
 $083a = FastDumpChr
 $0844 = FastDumpChr.w1
 $0849 = FastDumpChr.w2
 $0860 = RomOamDma
 $0864 = RomOamDma.Loop
 $0868 = CgbChrDump
 $0877 = CgbChrDump.Sync0
 $087d = CgbChrDump.Wait0
 $08b1 = CgbChrDumpFinish
 $08b6 = CgbSingleSpeed
 $08b6 = CgbChrDumpFinishEnd
 $08c3 = CgbDoubleSpeed
 $08d0 = CgbChangeSpeed
 $08e1 = CgbChangeWait
 $08f3 = KillAllSound
 $0909 = KillTune
 $091f = InitTune
 $0926 = InitTune.silence
 $093e = InitSfx
 $0955 = DoVblNull
 $0956 = DoVblNormal
 $0963 = DoLycNull
 $0965 = DoLycNormal
 $0971 = DoLycStatus
 $098c = DoLycStatus.block
 $098c = DoLycStatus.wait2
 $0992 = DoLycStatus.wait3
 $09c9 = SprBlank
 $09d0 = SprBlank.Loop
 $09d8 = SprOff
 $09e0 = InitGroups
 $09e8 = AddPalette
 $0a0f = Palette3now
 $0a14 = Palette4now
 $0a19 = Palette5now
 $0a1e = Palette6now
 $0a23 = Palette7now
 $0a26 = allpalettesnow
 $0a4b = IDXPalette4now
 $0a50 = IDXPalette5now
 $0a55 = IDXPalette6now
 $0a5a = IDXPalette7now
 $0a5d = allidxpalettesnow
 $0a73 = Palette6
 $0a8d = Palette7
 $0aa7 = ReplacePalette
 $0adb = InitFigures
 $0af6 = InitFigures64
 $0b11 = AddFigure
 $0b5a = AddFigure.aok2
 $0b7e = OutFigures
 $0b86 = OutFiguresPassive
 $0b90 = OutFiguresPassive.oflp
 $0bab = OutFiguresPassive.ofdone
 $0bb7 = OutFiguresPassive.clr
 $0bbe = OutFiguresPassive.noclr
 $0bc6 = Wait15
 $0bca = Wait30
 $0bce = Wait60
 $0bd0 = AnyWait
 $0bd9 = AccurateWait
 $0be3 = AccurateWait.fine
 $0be6 = AccurateWait.acw
 $0bed = FadeIn
 $0bf0 = FadeOut
 $0bf3 = LoadPalHL
 $0bfc = MakeChanges
 $0c08 = MakeChanges.chlp
 $0c1d = MakeChanges.done
 $0c29 = UndoChanges
 $0c38 = UndoChanges.udlp
 $0c4d = UndoChanges.done
 $0c59 = AnyApply
 $0c63 = AnyApply.copylp
 $0c6c = picklite
 $0c77 = InitTunePref
 $0c81 = SetMachineJcb
 $0ceb = initstuff
 $0d3e = ShellCode
 $0d4b = sprblank
 $0d51 = sprblank.blp
 $0d61 = random
 $0d6e = random.mok
 $0d7e = random.aok
 $0d88 = addahl
 $0d8f = bank_link
 $0dad = FetchPinInfo
 $0dcc = checkpagecrossings
 $0dd3 = checkpagecrossings.die
 $0dd5 = BBRAMZap
 $0dea = BBRAMInit
 $0df2 = BBRAMInit.cmp
 $0dfc = bbramcorrupt
 $0e0f = bbramcorrupt.dok
 $0e2b = bbramkey
 $0e33 = RandInit
 $0e45 = randomtable
 $0e7c = SprDraw
 $0e99 = SprDrawLoop
 $0ed9 = SprDrawFail
 $0eea = SprDumpInit
 $0eed = SprDumpInitCgb
 $0f07 = CgbSprDumpSmod
 $0f0f = SprDump
 $0f54 = CgbSprDumpLRTB
 $0f60 = CgbSprDumpRLTB
 $0f6a = CgbSprDumpCode
 $0f88 = FadeInWhite
 $0f8f = FadeOutBlack
 $0f94 = FadeInUp
 $0f99 = FadeInUp.Wait
 $0fab = FadeInBlack
 $0fb2 = FadeOutWhite
 $0fb7 = FadeInDown
 $0fbc = FadeInDown.Wait
 $0fee = TblFadeOffset
 $102f = CgbFadePalette
 $103c = CgbFadeCompare
 $1051 = CgbFadeProcess
 $1082 = FadeColorSet
 $1097 = FadeColorPal
 $10a0 = FadeColorReg
 $10d5 = CgbXferPalette
 $10e8 = DumpCgbOcp
 $10f1 = DumpCgbBcp
 $10fa = DumpCgbPal
 $110e = ReadCgbOcp
 $1113 = ReadCgbBcp
 $1118 = ReadCgbPal
 $111d = ReadCgbPal.Loop
 $1128 = SwdDecode
 $1129 = Skip0
 $112f = ByteCommand
 $1132 = ReadCommand
 $1138 = CopyCommand
 $1143 = Skip1
 $1156 = GotLength
 $1158 = ReadOffset
 $1165 = GetOffset10
 $1176 = GetOffset9
 $1187 = GetOffset7
 $1196 = GetOffset5
 $119e = GotOffset
 $11a1 = CopyLoop
 $11aa = Read7Bits
 $11af = Read6Bits
 $11b4 = Read5Bits
 $11b9 = Read4Bits
 $11be = Read3Bits
 $11c3 = Read2Bits
 $11c8 = Read1Bit
 $11cf = Next7Bits
 $11d5 = Next6Bits
 $11db = Next5Bits
 $11e1 = Next4Bits
 $11e7 = Next3Bits
 $11ed = Next2Bits
 $11f3 = Next1Bit
 $11fa = Fast7Bits
 $11fd = Fast6Bits
 $1200 = Fast5Bits
 $1203 = Fast4Bits
 $1206 = Fast3Bits
 $1209 = Fast2Bits
 $1210 = TblOffset0120
 $123a = TblOffsetColumn
 $1262 = BlankChr3
 $1272 = BlankTop
 $1282 = BlankBtm
 $1292 = XferBitmap
 $12de = ReorderAtrMap
 $12e6 = ReorderAtrMap.Loop0
 $12e9 = ReorderAtrMap.Loop1
 $12f2 = ReorderAtrMap.Skip0
 $12fb = EraseBitmap
 $1304 = SetBitmap20x18
 $1339 = DmaBitmap20x18
 $1346 = DmaBitmap20x18.Loop
 $1351 = DmaBitmap20x18.aok
 $135f = DmaBitmap20x18.Skip0
 $137b = DmaBitmapCol20
 $138a = DmaBitbox20x18
 $139d = DmaBitbox20x18.Skip1
 $13ac = DmaBitbox20x18.Loop0
 $13b7 = DmaBitbox20x18.aok
 $13c5 = DmaBitbox20x18.Skip0
 $13ef = SetMap20x18
 $13f4 = SetMap20x18.Loop
 $1406 = SetMap20x18.aok
 $140e = SetScreenRow
 $1411 = SetScreenRow.Hold
 $1419 = SetScreenRow.Sync
 $141f = SetScreenRow.Wait
 $145f = ClrAtr32x32
 $1471 = ClrScr32x32
 $1489 = ClrScr32x32.Quad
 $1492 = ClrScr32x32.Line
 $1495 = ClrScr32x32.Hold
 $149d = ClrScr32x32.Sync
 $14a2 = ClrScr32x32.Wait
 $14ba = PxlBox2ChrBox
 $14e3 = DumpShadowAtr
 $14fb = DumpShadowAtr.repair
 $1550 = InitShadowAtr
 $155a = FillShadowAtr
 $1566 = FillShadowAtr.Skip0
 $1590 = FillShadowAtr.Loop0
 $1596 = FillShadowAtr.Skip1
 $159f = CodeWriteAtr
 $15c0 = FillShadowLst
 $15c0 = FillShadowLst.Loop
 $15d3 = SetBitmap21x14
 $162c = DmaBitmapCol21
 $163b = SetMap21x14
 $1665 = SetMap21x14.Loop
 $1674 = SetFontBank
 $1676 = SetFontBank.Done
 $167c = DrawStringLstN
 $1684 = DrawStringXYN
 $16a8 = DrawStringXYN.RgtJustify
 $16ad = DrawStringXYN.CtrJustify
 $16b2 = DrawStringXYN.LftJustify
 $16b7 = DrawStringLstP
 $16bf = DrawStringXYP
 $16dd = DrawStringXYP.RgtJustify
 $16e2 = DrawStringXYP.CtrJustify
 $16e7 = DrawStringXYP.LftJustify
 $16ec = DrawStringLst
 $16f4 = DrawStringXY
 $170b = DrawStringXY.RgtJustify
 $170e = DrawStringXY.CtrJustify
 $1711 = DrawStringXY.LftJustify
 $1714 = DrawStringLft
 $1729 = DrawStringCtr
 $174b = DrawStringRgt
 $176b = DrawString
 $177e = CalcString
 $178e = DrawStringAtr
 $178f = StrCpy
 $1798 = NewInitScroll
 $17a0 = NewInitScroll.deok
 $17ce = NewInitScroll.initput
 $17e2 = NewScroll
 $17ea = NewScroll.deok
 $1818 = NewScroll.bcok
 $1822 = NewScroll.down
 $182b = NewScroll.hlok
 $1842 = NewScroll.downs
 $184b = NewScroll.ups
 $1854 = pindown1
 $1865 = pinup1
 $1870 = SecondHalf
 $1883 = OtherPage1
 $1896 = OtherPage2
 $18a9 = OtherPage3
 $18bc = OtherPage4
 $18cf = NewLoadMap
 $18f8 = NewMapOffsets
 $196a = SendRow
 $196e = SendRow.mod
 $197c = SendRow.aok
 $19fd = SendRow.bok
 $1a02 = SendRow.row2
 $1a0b = SendRow.nodepth
 $1a21 = SendRow.row1
 $1a5c = SendRow.newmaplows
 $1a70 = Send1
 $1a8d = Send1.wa
 $1a97 = Send1.w1
 $1a9c = Send1.w2
 $1aae = TV
 $1ab4 = TV.aok
 $1ad5 = BGRect
 $1ad7 = anyrect
 $1b19 = anyrect.aok
 $1b22 = anyrect.marks
 $1b2e = anyrect.bgry
 $1b3d = anyrect.bgrx
 $1b5d = anyrect.diff
 $1b6e = anyrect.offscreen
 $1b6f = anyrect.same
 $1b7d = anyrect.skip
 $1b7f = anyrect.fastcopy
 $1b92 = anyrect.diff2
 $1b9d = anyrect.same2
 $1ba8 = anyrect.noskip
 $1bb0 = anyrect.cont
 $1bdd = bgentrymap
 $1c16 = bgentry
 $1c5a = Bits
 $1c62 = MarkDirty
 $1c84 = AddBall
 $1c88 = AddBall.balllook
 $1c99 = AddBall.ballfound
 $1cbc = TimeCountStatus
 $1cc3 = TimeCountStatus.clr
 $1cd7 = TimeCountStatus.div10
 $1cfa = scdigit
 $1cff = AnyDecTime
 $1d06 = AnyDecTime.fine
 $1d08 = AnyDecTime.carry
 $1d17 = AnyDecTime.over
 $1d1e = AnyDec2
 $1d2b = AnyDec2.fine
 $1d2d = AnyDec2.carry
 $1d37 = AnyInc2
 $1d45 = AnyInc2.fine
 $1d47 = AnyInc2.carry
 $1d50 = LoadPinMap
 $1d62 = SetPinInfo
 $1d6b = CountBalls
 $1d75 = CountBalls.noincb1
 $1d7c = CountBalls.noincb2
 $1d83 = CountBalls.noincb3
 $1d85 = MakeCollisions
 $1d98 = MakeCollisions.projecttop
 $1dc5 = MakeCollisions.endtop
 $1dc7 = MakeCollisions.projectleft
 $1dec = MakeCollisions.endleft
 $1df2 = ormask
 $1e07 = ormask.rlp1
 $1e14 = ormask.orlp
 $1e28 = LongVector
 $1e39 = LongVector.longvectret
 $1e40 = SubFlippers
 $1e9f = SubFlippers.nobottoms2
 $1ea0 = Nothing
 $1ea1 = statusflash
 $1eaa = statusjackvalue
 $1eb3 = findmessage
 $1ed1 = findmessage.takeit
 $1ed5 = AnyMessages
 $1edf = SubAddBall3
 $1ee5 = SubAddBall2
 $1eeb = SubAddBall
 $1ef1 = subball
 $1f02 = SubEnd
 $1f0d = SubEnd.normal
 $1f19 = SubEnd.end
 $1f27 = addtimed
 $1f31 = addtimed.look0
 $1f38 = addtimed.take
 $1f3c = processtimed
 $1f53 = FetchMessage
 $1f56 = FetchMessageBC
 $1f68 = FetchMessageBC.zcpy
 $1f70 = bonusmul
 $1f90 = bonusmul.t
 $1f91 = bonusmul.c
 $1fac = bonusmul.dig1xx
 $1fb0 = bonusmul.dig2xx
 $1fb1 = bonusmul.dig2
 $1fb3 = bonusmul.div10
 $1fbb = bonusmul.dig1
 $1fc5 = jackval
 $1fdc = jackval.t
 $1fdd = jackval.c
 $1fe8 = descoretohl
 $2006 = descoretohl.lead0
 $200d = descoretohl.clear
 $2011 = descoretohl.done
 $2014 = descoretohl.c0
 $201c = descoretohl.jack3
 $2029 = addthousandshl
 $2032 = hltolastjack
 $2039 = hltolastjack.lp
 $203e = hltolastjack.noinc
 $2068 = addscore
 $2075 = addscore.addscorelp
 $2081 = addscore.noover10
 $208c = saver5
 $208e = subsaver
 $209c = subsavertimes
 $209f = saver20
 $20ab = saver20.more20
 $20ac = saver30
 $20b8 = saver30.more30
 $20b9 = saver60
 $20c5 = saver60.more60
 $20c6 = saveclock
 $20cf = incmax1
 $20d4 = incmax2
 $20db = incmax2.inc
 $20e0 = InitBalls
 $20e9 = passedby
 $210c = bcmula
 $2115 = bcmula.apos
 $2122 = bcmula.bcpos
 $2128 = bcmula.mullp
 $212d = bcmula.noadd
 $2140 = dohits
 $21c1 = coll8
 $21ed = coll1
 $21fc = coll1.nextcoll
 $2205 = SetCount2
 $2207 = SetCount2.div10
 $2216 = AnyQuit
 $221c = AnyEnd
 $2223 = IncBonusVal
 $2230 = IncBonusVal.add
 $2237 = IncBonusVal.ok
 $2251 = ClearBonusVal
 $225e = PinScore
 $2273 = PinScore.div10
 $2282 = PinScore.ballsleft
 $228e = PinScore.aok
 $2296 = PinScore.timeleft
 $229c = PinScore.copy
 $229f = PinScore.copyenter
 $22bb = PinScore.kill1
 $22bd = PinScore.kill0
 $22c7 = PinScore.donekill0
 $22d2 = BonusScore
 $22df = BonusScore.div10
 $22f0 = BonusScore.aok
 $232d = BonusScore.kill1
 $232f = BonusScore.kill0
 $2339 = BonusScore.donekill0
 $2344 = BonusTotal
 $2355 = BonusTotal.copy
 $2358 = BonusTotal.copyenter
 $2378 = BonusTotal.kill1
 $237a = BonusTotal.kill0
 $2384 = BonusTotal.donekill0
 $238f = statusde
 $2395 = statusstring
 $239c = statusstring.fill
 $23d9 = pinclear
 $23e0 = pinclear.fill
 $23f2 = pinmsg
 $23f9 = pinmsg.fill
 $240f = scoopscore
 $241b = spinnerscore
 $2427 = dropscore
 $2433 = bumperscore
 $243f = loopscore
 $244b = rampscore
 $2457 = scorerolloverunlit
 $2463 = score1m
 $246f = Eject
 $248d = BonusProcess
 $249e = BonusProcess.nopause
 $24af = BonusProcess.first
 $24b8 = BonusProcess.second
 $24c2 = BonusProcess.third
 $24c9 = BonusProcess.fourth
 $24f9 = BonusProcess.addlp
 $2505 = BonusProcess.none
 $2511 = BonusProcess.fifth
 $251c = BonusProcess.last
 $2522 = BonusProcess.next
 $2529 = BonusProcess.notyet
 $252b = BonusProcess.done
 $252f = flashlist
 $253c = ComboSound
 $2550 = ComboSound.aok
 $2553 = ResultScreen
 $256c = ChainSub
 $257c = TblSin
 $258c = TblCos
 $25cc = playerstores
 $25d4 = SavePlayer
 $25fa = RestorePlayer
 $2629 = SwitchPlayers
 $2647 = SwitchPlayers.switchlp
 $2653 = SwitchPlayers.fine
 $266d = SwitchPlayers.fine2
 $2678 = SetDifficulty
 $268b = SetDifficulty.hard
 $2699 = difficultyspeeds
 $269c = Credit1
 $26a3 = SetTime
 $26b1 = subtimes
 $26b4 = songmap
 $26c6 = SubSong
 $26c9 = subsonga
 $26d8 = subsonga.to1
 $26db = PrefTune1
 $26e4 = PrefTune1.aok
 $26e7 = PrefTune2
 $26f0 = PrefTune2.aok
 $26f3 = RumbleLow
 $26f7 = RumbleMedium
 $26fb = RumbleHigh
 $26fd = rumbles
 $2716 = loadpic
 $271e = copyshow
 $272a = fxmove
 $272f = fxsel
 $2734 = fxback
 $2739 = fxillegal
 $273e = menutune
 $2747 = menutune.aok
 $274a = TVSet
 $2753 = DemoMode
 $2770 = DemoMode.r18
 $278a = settabletime
 $278e = RectList
 $27a3 = ProcessDirties
 $27b8 = SubSaver
 $27c7 = SubSaver.bok
 $27cc = dorelit
 $27d1 = addthousandshlinform
 $a000 = bKey
 $a008 = bMusicOff
 $a009 = bLanguage
 $a00a = bLocks
 $a022 = bMenus
 $a032 = bHighScores
 $a352 = bHighPage
 $a353 = bLanguageHash
 $a354 = bVariableMax
 $c000 = wOamShadow
 $c100 = wStackPointer
 $c100 = wBcpShadow
 $c140 = wOcpShadow
 $c180 = wBcpArcade
 $c1c0 = wOcpArcade
 $c200 = wTblColorFade
 $c220 = wBcpArcadeTop
 $c228 = wBcpArcadeBtm
 $c230 = wPanelRGB
 $c284 = wStructSmod
 $c284 = wSprDumpStack
 $c284 = wJmpVblVector
 $c285 = wVblVector
 $c287 = wJmpLycVector
 $c288 = wLycVector
 $c28a = wChrFinish
 $c28f = wJmpTemporary
 $c292 = wJmpDraw
 $c295 = wFadeUpCount
 $c296 = wFadeDnCount
 $c297 = wFadeOffset
 $c298 = wFadeWanted
 $c299 = wFileAddr
 $c29b = wFileBank
 $c29c = wSprPlotSP
 $c29e = wSprDumpSP
 $c2a0 = wTmpSP
 $c2a2 = wJoy1Dir
 $c2a3 = wJoy1Cur
 $c2a4 = wJoy1Hit
 $c2a5 = wJoy1Rpt
 $c2a9 = wFontLo
 $c2aa = wFontHi
 $c2ab = wFontPal
 $c2ac = wFontPalXor
 $c2ad = wStringX
 $c2ae = wStringY
 $c2af = wStringW
 $c2b0 = wStringH
 $c2b1 = wStringT
 $c2b2 = wFontStrideLo
 $c2b3 = wFontStrideHi
 $c2b4 = wBoxX
 $c2b5 = wBoxY
 $c2b6 = wBoxW
 $c2b7 = wBoxH
 $c2b8 = wFigCount
 $c2b9 = wFigTake
 $c2ba = wFigPhase
 $c2bb = wPalCount
 $c2bc = wPalStart
 $c2bd = wTune
 $c2be = wSndEffect
 $c2bf = wWantToPause
 $c2c0 = wTempSelect
 $c2c1 = wAvoidIntro
 $c2c2 = wShellVect
 $c2c6 = wShellAcc
 $c2c7 = wRandTake
 $c2c8 = wRandomBlock
 $c2ff = wMapXSize
 $c300 = wMapYSize
 $c301 = wMapXPos
 $c303 = wMapYPos
 $c305 = wMapDown
 $c306 = wMapDirty
 $c30c = wVideoBank
 $c30d = wTime
 $c30e = wSelected
 $c30f = wFinished
 $c310 = wString
 $c350 = wPinJmpHit
 $c350 = wPinInfo
 $c353 = wPinJmpProcess
 $c356 = wPinJmpSprites
 $c359 = wPinJmpHitFlipper
 $c35c = wPinJmpHitBumper
 $c35f = wPinJmpScore
 $c362 = wPinJmpLost
 $c365 = wPinJmpEject
 $c368 = wPinJmpChainRet
 $c36b = wPinJmpDone
 $c36e = wPinCutoff
 $c370 = wPinLeftSet
 $c372 = wPinRightSet
 $c374 = wPinHitBank
 $c375 = wPinCharBank
 $c376 = wPinInfoEnd
 $c376 = wActivePlayer
 $c377 = wNumPlayers
 $c378 = wStartHappy
 $c379 = wMainSelected
 $c37a = wLastMsg
 $c37c = wDemoMode
 $c37d = wDemoL
 $c37e = wDemoR
 $c37f = wFunZone
 $c380 = wThrillZone
 $c381 = wSpeed
 $c382 = wSubCompleted
 $c383 = wTiltCount
 $c384 = wTiltTimes
 $c3a4 = wGotHigh
 $c3a5 = wShellLastVariable
 $c600 = SprDumpLoop
 $c700 = wOamBuffer
 $c800 = wTemp512
 $d000 = wTemp1024
 $d000 = wAtrShadow
 $d400 = wBalls
 $d400 = wAtrDecode
 $d43a = wBallCount
 $d43b = wWarps
 $d43f = wWarp
 $d440 = wScore
 $d44c = wLastJack
 $d458 = wScoreBackup
 $d464 = wSubScore
 $d470 = wStates
 $d4f0 = wStore1
 $d670 = wStore2
 $d7f0 = wStore3
 $d970 = wStore4
 $daf0 = wStore0
 $dc70 = wMessage
 $dcf0 = wMessages
 $dd90 = wChances
 $ff80 = hTemp48
 $ffb0 = hRomBank
 $ffb1 = hRamBank
 $ffb2 = hWrkBank
 $ffb3 = hVidBank
 $ffb4 = hOamFlag
 $ffb5 = hPalFlag
 $ffb6 = hPosFlag
 $ffb7 = hOamPointer
 $ffb8 = hVblBank
 $ffb9 = hVblFlag
 $ffba = hVblCount
 $ffbb = hVblLCDC
 $ffbc = hVblSCX
 $ffbd = hVblSCY
 $ffbe = hVbl8
 $ffbf = hLycLCDC
 $ffc0 = hWndY
 $ffc1 = hCycleCount
 $ffc2 = hPadDir
 $ffc3 = hPadCur
 $ffc4 = hPadHit
 $ffc5 = hTmpLo
 $ffc6 = hTmpHi
 $ffc7 = hTmp2Lo
 $ffc8 = hTmp2Hi
 $ffc9 = hTmp3Lo
 $ffca = hTmp3Hi
 $ffcb = hTmp4Lo
 $ffcc = hTmp4Hi
 $ffcd = hSprXLo
 $ffce = hSprXHi
 $ffcf = hSprYLo
 $ffd0 = hSprYHi
 $ffd1 = hSprPal
 $ffd2 = hSprNxt
 $ffd3 = hSprMax
 $ffd4 = hSprCnt
 $ffd5 = hOamBufLo
 $ffd6 = hOamBufHi
 $ffd7 = hCutoff
 $fff6 = hOamXfer
 $fffe = hMachine
Bank #1:
 $4000 = SoundBase
Bank #2:
 $4000 = AllPalettes
 $4000 = PAL_SPINNER
 $4008 = PAL_FLIPPERS
 $4010 = PAL_BALL
 $4018 = PAL_ARROW
 $4020 = PAL_TARGET
 $4028 = PAL_REDBALL
 $4030 = PAL_GREENBALL
 $4038 = PAL_BLUEBALL
 $4040 = PAL_REDMARKER
 $4048 = PAL_GREENMARKER
 $4050 = PAL_BLUEMARKER
 $4058 = PAL_PLATFORM
 $4060 = PAL_RAFT
 $4068 = PAL_RIPPLE
 $4070 = PAL_GREENCAR
 $4078 = PAL_CAR
 $4080 = PAL_BOAT
 $4088 = PAL_FRONT
 $4090 = PAL_BACK
 $4098 = PAL_BLUECAR
 $40a0 = PAL_CHOCO
 $40a8 = PAL_COW
 $40b0 = PAL_KISS
 $40b8 = PAL_PAYDAY
 $40c0 = PAL_REESES1
 $40c8 = PAL_REESES2
 $40d0 = PAL_SYRUP
 $40d8 = PAL_TWIZZLER
 $40e0 = PAL_REDBUMP
 $40e8 = PAL_BLUEPOP
 $40f0 = PAL_GREENPOP
 $4400 = AllSprites
Bank #3:
 $4000 = BANK03TOP
 $5100 = TblRotations
 $6100 = FontLite
 $701f = DrawStrFail
 $7021 = DrawStringHi
 $7035 = DrawStringHi.Wibble
 $705d = DrawStringHi.Skip2
 $70b3 = DrawStringHi.KernLoop
 $70c0 = DrawStringHi.KernDone
 $70c4 = CalcStrFail
 $70c6 = CalcStringHi
 $70cb = CalcStringLoop
 $70e0 = CalcStringLoop.Wibble
 $710a = CalcStringLoop.Skip0
 $7132 = CalcStringLoop.KernLoop
 $713f = CalcStringLoop.KernDone
 $7143 = CalcStringDone
 $7163 = DrawFnt0120
 $718d = DrawFnt0120.qmult
 $7192 = DrawFnt0120.noadd
 $71b7 = DrawFnt0120.Loop0
 $71db = DrawFnt0120.Error
 $71dd = CodeFntColNrm
 $72b6 = TblFontColNrm
 $72dc = CodeFntColEtch
 $747b = TblFontColEtch
 $74a1 = CodeFntColFlp
 $759e = TblFontColFlp
 $75c4 = SubHitFlipper_b
 $75de = rapidinfo
 $7604 = rapidmaplist
 $7609 = rapiddone
 $760a = RapidsInit
 $768a = rapidlostball
 $76b0 = rapidprocess
 $76ce = rapidprocess.aok
 $76d1 = rapidprocess.nospin
 $76e7 = rapidprocess.nosecond
 $76e8 = rapidsaver
 $76fd = rapidsaver.on
 $7702 = rapidsaver.off
 $7707 = rapidon
 $7733 = rocksup
 $7797 = rapidrect
 $779d = rapidrects
 $7815 = rapidhit
 $7840 = rapidhit.column0
 $784b = rapidhit.column1
 $7856 = rapidhit.column2
 $785a = rapidhit.column3
 $7865 = rapidhit.column4
 $786e = rapidhit.rock
 $7871 = rapidhit.notarock
 $7874 = hitrock
 $78a7 = raiserocks
 $78ad = raiserocks.raise
 $78cc = raiserocks.next
 $78d4 = hitsrequired
 $78d7 = risetime
 $78da = rapidcollisions
 $78dc = rapidsprites
 $78e5 = rapidrafts
 $7902 = leftraft
 $7907 = rightraft
 $790a = bothrafts
 $7926 = bothrafts.noincb
 $792b = rapidripple
 $795d = rapidripple.done
 $7962 = moverafts
 $797a = processleftraft
 $797f = processrightraft
 $7982 = processbothrafts
 $7987 = processbothrafts.find
 $799e = processbothrafts.continue
 $79b0 = processbothrafts.nomore
 $79cf = leftstops
 $79da = rightstops
 $79e5 = rapidlist1
 $7ae5 = rapidlist2
 $7be5 = ripplepositions
Bank #10:
 $4000 = gmbwait
 $4002 = gmbwait.www1
 $4008 = gmbwait.www2
 $4015 = GmbChoke
 $4051 = GmbChoke.y
 $4053 = GmbChoke.x
 $407c = GmbChoke.die
 $4080 = board2_start
 $4080 = subcompletedsavers
 $4083 = subnotcompletedsavers
 $4086 = newballsavers
 $4089 = lockedballsavers
 $408c = multiballsavers
 $408f = superskillsavers
 $4092 = normalskillsavers
 $4095 = tabletimes
 $4098 = board2info
 $40be = board2maplist
 $40c3 = b2phasetable
 $4103 = phasekicks
 $4118 = phasecharge
 $411b = phase12guage
 $411e = phaseleftscoop
 $4126 = leftscooplight
 $4133 = leftscooplight.nohide
 $414b = leftscooplight.notflume
 $415c = leftscooplight.nothappy
 $4163 = leftscooplight.bits
 $4169 = leftscooplight.red
 $416d = leftscooplight.notable
 $417e = leftscooplight.lockslower
 $4190 = leftscooplight.lockshigher
 $41a0 = leftscooplight.d0
 $41a2 = leftscooplight.dok
 $41a3 = phaserightscoop
 $41ab = rightscooplight
 $41b8 = rightscooplight.nohide
 $41d0 = rightscooplight.notflume
 $41e1 = rightscooplight.nothappy
 $41e8 = rightscooplight.bits
 $41ee = rightscooplight.red
 $41f2 = rightscooplight.notable
 $4203 = rightscooplight.lockslower
 $4215 = rightscooplight.lockshigher
 $4225 = rightscooplight.d0
 $4227 = rightscooplight.dok
 $4228 = mlockpossible
 $422e = phaseleft
 $423d = phaseleft.nohide
 $426e = phaseleft.nojackreset
 $4270 = phaseleft.red
 $4274 = phaseleft.lightsout
 $4279 = phaseleft.fantasy
 $427c = phaseleft.bits
 $4283 = phaseleft.dok
 $4286 = phaseright
 $4295 = phaseright.nohide
 $42c6 = phaseright.nojackreset
 $42c8 = phaseright.red
 $42cc = phaseright.lightsout
 $42d1 = phaseright.fantasy
 $42d4 = phaseright.bits
 $42db = phaseright.dok
 $42de = phaseleftramp
 $42ed = phaseleftramp.nohide
 $4310 = phaseleftramp.superflume
 $4317 = phaseleftramp.notmulti
 $4335 = phaseleftramp.notlightsout
 $433c = phaseleftramp.bits
 $4340 = phaseleftramp.yellow
 $4344 = phaseleftramp.red
 $4348 = phaseleftramp.d4
 $434c = phaseleftramp.d3
 $4350 = phaseleftramp.d5
 $4354 = phaseleftramp.d1
 $4355 = phaseleftramp.dok
 $4358 = phaserightramp
 $4367 = phaserightramp.nohide
 $438a = phaserightramp.superroller
 $4391 = phaserightramp.notmulti
 $43af = phaserightramp.notlightsout
 $43b6 = phaserightramp.bits
 $43ba = phaserightramp.yellow
 $43be = phaserightramp.red
 $43c2 = phaserightramp.d4
 $43c6 = phaserightramp.d3
 $43ca = phaserightramp.d5
 $43ce = phaserightramp.d1
 $43cf = phaserightramp.dok
 $43d2 = phasejackpot
 $43e4 = phasejackpot.cok
 $43e8 = phaseindicatorcenter
 $43f0 = phaseindicator0
 $4407 = phaseindicator0.nohold
 $440e = phaseindicator0.restore
 $4416 = phaseindicator0.normal
 $4426 = phaseindicator0.dok
 $4429 = phaseindicator1
 $4437 = phaseindicator1.dok
 $443a = phaseindicator2
 $444a = phaseindicator2.bok
 $4456 = phaseindicator2.dok
 $4458 = phaseindicator3
 $4468 = phaseindicator3.dok
 $446a = jacksneeded
 $446d = phaseindicator4
 $447d = phaseindicator4.dok
 $447f = phaseindicator5
 $448f = phaseindicator5.dok
 $4491 = phaseindicator6
 $44a0 = phaseindicator6.dok
 $44a2 = phaseindicator7
 $44b2 = phaseindicator7.bok
 $44be = b2indicators
 $44be = phaseindicator7.dok
 $44c6 = phasesaver
 $44db = phasesaver.nosaver
 $44dd = phasesaver.dok
 $44e2 = phaseextra
 $44eb = phaseextra.dok
 $44f0 = phasesnackbar
 $451a = phasesnackbar.notfantasy2
 $452e = phasesnackbar.nothide
 $454b = phasesnackbar.jackreset
 $4557 = phasesnackbar.nojackreset
 $4559 = phasesnackbar.lightsout
 $455e = phasesnackbar.fantasy
 $4561 = phasesnackbar.bits
 $4567 = phasesnackbar.red
 $4569 = phasesnackbar.dok
 $456c = phaseflashing
 $456e = phaseflashing2
 $4578 = phaseflashing2.dok
 $457b = phasesolid
 $4581 = phasesolid.dok
 $4584 = b2leftpop
 $458c = b2centerpop
 $4594 = b2rightpop
 $459a = b2newpopstate
 $45a6 = b2newpopstate.dok
 $45a9 = b2leftbumper
 $45af = b2rightbumper
 $45b5 = advancetops
 $45ef = advancetops.try
 $45fd = board2collisions
 $46cf = b2loop1
 $46d8 = b2loop4
 $46e1 = b2loop2
 $46f4 = b2loop3
 $4707 = loopset0
 $470c = loopset2
 $4712 = loopset3
 $4718 = loopsetm2
 $471e = loopsetm3
 $4724 = loopset1
 $472a = loopsetm1
 $4730 = rightloop
 $4753 = rightloop.nochargejack
 $475a = leftloop
 $477d = leftloop.nochargejack
 $4784 = b2loopcredit
 $478a = didloop
 $47a3 = didramp
 $47b5 = combocheck
 $47c0 = combocheck.retry1
 $47d0 = combocheck.cont1
 $47f1 = combocheck.fail1
 $47f2 = combocheck.good1
 $47f8 = combocheck.retry2
 $4808 = combocheck.cont2
 $4829 = combocheck.fail2
 $482a = combocheck.good2
 $482e = b2combo1
 $4833 = b2combomsgs1
 $483b = b2combo2
 $4840 = b2combomsgs2
 $4848 = b2comboscore
 $4853 = b2comboscore.v1
 $4858 = b2comboscore.v2
 $485d = b2comboscore.v3
 $4862 = b2comboscore.v4
 $4865 = b2comboscore.any
 $4868 = normalskill
 $4880 = normalskill.add
 $4884 = normalskill.nomore
 $4897 = normalskill.max
 $4899 = superskill
 $48ba = superskill.either
 $48c6 = superskill.add
 $48ca = superskill.nomore
 $48dd = gotskill
 $48dd = superskill.max
 $48ec = gotskill.aok
 $48f0 = entersnackbar
 $48fc = enterleft
 $4908 = enterright
 $4912 = b2traps
 $491e = board2eject
 $493b = board2eject.take1
 $4958 = board2eject.noadd1
 $4964 = board2eject.noskill
 $4974 = board2eject.noextra
 $4982 = board2eject.nofantasy1b
 $4994 = board2eject.nohide
 $49a4 = board2eject.noaward
 $49af = board2eject.tryjackready
 $49bf = board2eject.nojackready
 $49d8 = board2eject.happy1
 $49f8 = board2eject.nofantasyteleport
 $4a0b = board2eject.nofantasy1
 $4a0d = board2eject.tryteleport
 $4a14 = board2eject.tryteleportnotreat
 $4a2e = board2eject.lock12
 $4a3b = board2eject.lock11
 $4a48 = board2eject.nolock1
 $4a58 = board2eject.noteleport
 $4a58 = board2eject.done1
 $4a5b = board2eject.take2
 $4a6f = board2eject.happy2
 $4a77 = board2eject.nofantasy2
 $4a98 = board2eject.nolock2
 $4a9b = board2eject.subs2
 $4aa6 = board2eject.nolightsout2
 $4ab8 = board2eject.lockshigher2
 $4af0 = board2eject.leftnot2
 $4b0d = board2eject.nolockball2
 $4b11 = board2eject.thrill
 $4b14 = board2eject.nosubs2
 $4b14 = board2eject.done2
 $4b17 = board2eject.take3
 $4b2b = board2eject.happy3
 $4b33 = board2eject.nofantasy3
 $4b54 = board2eject.nolock3
 $4b57 = board2eject.subs3
 $4b62 = board2eject.nolightsout3
 $4b74 = board2eject.lockshigher3
 $4bac = board2eject.rightnot2
 $4bc4 = board2eject.nolockball3
 $4bca = board2eject.fun
 $4bd5 = board2eject.nosubs3
 $4bd5 = board2eject.nofunchain
 $4bd5 = board2eject.done3
 $4bd8 = b2set1
 $4be4 = b2out2
 $4be7 = b2set2
 $4bf3 = b2outs
 $4bfc = b2out3
 $4bff = b2set3
 $4c09 = b2set
 $4c2a = b2spit1
 $4c36 = b2spit2
 $4c42 = b2spit3
 $4c4c = b2spits
 $4c56 = lockedmulti
 $4c5c = jackvalue
 $4c6f = jackvalue.aok2
 $4c73 = flumejackpot
 $4c7b = rollerjackpot
 $4c81 = jackpot
 $4c92 = jackpot.noclear
 $4cb7 = jackpot.hlok
 $4cbe = jackpot.aok
 $4cca = jackpot.addlp
 $4cdc = jackpot.mok
 $4cf1 = jackpot.bok
 $4cfd = jackpot.moreflumes
 $4d05 = jackpot.morerollers
 $4d0a = lefteject
 $4d24 = righteject
 $4d3e = fungames
 $4d43 = thrillgames
 $4d48 = rand5
 $4d5b = rand5.noincd
 $4d64 = tryfunzone
 $4d7a = tryfunzone.ok
 $4d8a = trythrillzone
 $4da0 = trythrillzone.ok
 $4db0 = nozone
 $4db3 = funchain
 $4dbd = thrillchain
 $4dc5 = anychain
 $4dd8 = b2unchain
 $4de4 = b2unchain.hlok
 $4e03 = b2unchain.nofunall
 $4e13 = b2unchain.nothrillall
 $4e21 = b2unchain.no3
 $4e2c = b2unchain.no2
 $4e2d = b2unchain.waslightsout
 $4e58 = b2enterleftramp
 $4e7a = b2enterleftramp.cok
 $4e84 = b2exitleftramp
 $4ed6 = b2exitleftramp.flume
 $4edb = b2exitleftramp.normalramp
 $4ee3 = b2enterrightramp
 $4f04 = b2enterrightramp.cok
 $4f0e = b2exitrightramp
 $4f51 = b2exitrightramp.notenough
 $4f54 = b2exitrightramp.notolock
 $4f80 = b2exitrightramp.roller
 $4f85 = b2exitrightramp.normalramp
 $4f8d = allridesbit
 $4f97 = fantasybit
 $4fb4 = fantasybit.same
 $4fbc = addtabletime
 $4fbc = fantasybit.double
 $4fd0 = addtabletime.aok
 $4fd4 = fantasyred
 $4fd7 = fantasyyellow
 $4fda = hidefound
 $4fdd = hidecollected
 $4fe0 = hidesnackbar
 $4fe3 = lightsoutbit
 $4ff9 = lightsoutbit.aok
 $4ffc = lightsoutbit.full
 $5004 = lightsoutbit.same
 $500a = showflumelocked
 $5012 = showrollerlocked
 $501a = thrillpopcreditsblue
 $501d = thrillpopcreditsgreen
 $5020 = thrillpopcreditsorange
 $5023 = thrillrampcredits
 $5026 = thrillloopcredits
 $5029 = thrillpop
 $503e = thrillloop
 $5045 = thrillramp
 $504a = thrillcredit
 $5051 = thrillcredit.noinch
 $505b = b2ramp
 $5070 = setleftramp
 $5075 = leftrampup
 $50fe = leftrampdown
 $5184 = b2rampmarks
 $51cc = setrightramp
 $51d1 = rightrampup
 $525f = rightrampdown
 $52ea = b2rampmarks2
 $5323 = b2lostball
 $5336 = b2lostball.nosaver
 $534f = b2lostball.nolock1
 $535c = b2lostball.nolock2
 $537a = b2lostball.aok
 $537e = b2finishloseball
 $5396 = b2finishloseball.noresetmult
 $53ad = b2finishloseball.noresetpops
 $53bd = b2finishloseball.gameover
 $53cf = b2finishloseball.doit
 $53df = b2finishloseball.nokicklock
 $53f2 = b2finishloseball.noextras
 $53f8 = b2multiend
 $5404 = b2multiend.happyend
 $5409 = b2multiend.thrillmultiend
 $540c = b2multiend.all
 $541d = b2autofire
 $5423 = showtv
 $5440 = b2tvpop
 $5468 = b2firedown
 $546e = b2tempaddball
 $5490 = b2tempaddball.kickon
 $5493 = b2tempaddball.wasoff
 $5497 = b2tempaddball.wasweakball
 $54b3 = rightonleftoff
 $54c4 = bothon
 $54db = b2shoot
 $54f2 = b2firing
 $552d = b2firing.hlok
 $5546 = savernewball
 $5549 = saverdifficulty
 $5559 = b2fire
 $556d = board2process
 $559a = board2process.noskill
 $55c0 = board2process.nospitout
 $55d1 = board2process.nodechist
 $55f1 = board2process.nodecridesdelay
 $55fb = board2process.nodecawarddelay
 $5615 = board2process.phaseret
 $562c = board2process.nofire
 $5641 = board2process.nodecsaver
 $5652 = board2process.nodectabletime
 $5666 = board2process.nodeckickspin
 $5673 = board2process.nospit1
 $5680 = board2process.nospit2
 $5680 = board2process.notyet
 $5684 = tryspit1
 $5694 = tryspit1.nospit1
 $5695 = tryspit2
 $56a5 = tryspit2.nospit2
 $56a6 = board2hitbumper
 $56dc = board2hitbumper.car0
 $56e0 = board2hitbumper.car1
 $56e4 = board2hitbumper.car23
 $56e8 = board2hitbumper.car2
 $56ec = board2hitbumper.car3
 $56f0 = board2hitbumper.cars
 $56f3 = board2hitbumper.notbumper
 $571f = board2hitbumper.top2
 $5724 = board2hitbumper.rightpop
 $572e = board2hitbumper.leftpop
 $5738 = board2hitbumper.centerpop
 $5742 = board2hitbumper.bottoms
 $574c = board2hitbumper.bottomright
 $5753 = board2hitbumper.bottomleft
 $575a = board2hitbumper.toppops
 $5766 = board2hitbumper.maxpops
 $577f = board2hitbumper.tops
 $5785 = board2hitbumper.explode
 $5792 = board2hitbumper.bumps
 $579c = board2hitbumper.anypop
 $57c2 = board2hitbumper.popfxok
 $57c5 = board2hitbumper.dropmb1orc1
 $57cc = board2hitbumper.dropmb1
 $57d0 = board2hitbumper.dropmb2
 $57d4 = board2hitbumper.dropmb4orc2
 $57db = board2hitbumper.dropmb3
 $57df = board2hitbumper.dropmb4
 $57e1 = board2hitbumper.dropb
 $580d = board2hitbumper.bnotall
 $5815 = board2hitbumper.bsame
 $5817 = board2hitbumper.dropmc1
 $581b = board2hitbumper.dropmc2
 $581f = board2hitbumper.dropmc3
 $5823 = board2hitbumper.clock
 $5849 = board2hitbumper.cnotall
 $5851 = board2hitbumper.csame
 $585f = board2hitbumper.bok
 $586d = board2hitbumper.aok
 $5870 = board2hitbumper.inthrill
 $5872 = board2hitbumper.soft
 $5878 = board2hitbumper.left3
 $5880 = board2hitbumper.left3c
 $5884 = board2hitbumper.left3b
 $5888 = board2hitbumper.left3a
 $588a = board2hitbumper.leftdrops
 $58a1 = board2hitbumper.changed
 $58be = board2hitbumper.notall
 $58c6 = board2hitbumper.all
 $58d2 = board2sprites
 $58ee = explodepop
 $58fe = explodepop.bok
 $590d = explodepop.hlok
 $5916 = popping
 $5927 = popping.deok
 $5932 = popping.ok
 $5957 = popping.finey
 $5970 = bumpersprites
 $59b2 = bumpersprites.bumper
 $59cb = bumpersprites.finey
 $59e7 = bumpersprites.bcok
 $59eb = hidecollect
 $59f8 = hidecollect.add
 $59fd = hidecollect.noadd
 $5a20 = hidecollect.noreset
 $5a28 = hidebits
 $5a30 = newhider
 $5a3e = newhider.findbit
 $5a53 = newhider.forcecow
 $5a66 = newhider.notreeces
 $5a83 = newhider.palettes
 $5a91 = tvhides
 $5a98 = hider
 $5aa4 = hiders
 $5ab2 = hiders.reeses
 $5ac9 = hiders.bok2
 $5ad7 = hiders.payday
 $5ae6 = hiders.cow
 $5af5 = hiders.syrup
 $5b04 = hiders.kiss
 $5b13 = hiders.choco
 $5b22 = hiders.twizzler
 $5b2f = hiders.all
 $5b3e = hiders.nodec
 $5b47 = hiders.bok
 $5b54 = hiders.aok
 $5b5c = hiders.visible
 $5b91 = hiders.below
 $5b95 = hiders.above
 $5ba5 = hiders.nope
 $5ba7 = board2flippers
 $5c07 = board2flippers.nobottoms
 $5c4f = board2flippers.notops
 $5c50 = board2first
 $5c9c = board2init
 $5d14 = fixnight
 $5d19 = fixnight.inc
 $5d1a = fixnight.dec
 $5d44 = nightoff
 $5d49 = nighton
 $5d49 = nightonlightsout
 $5d4f = nightswitch
 $5d57 = showtreat
 $5d5c = b2restore
 $5d65 = b2restoreq
 $5dbb = showbonus
 $5dc1 = advancebonus
 $5dd6 = board2bonus
 $5dda = showboardtimer
 $5de7 = showboardtimer.real
 $5dea = showboardtimer.aok
 $5dec = showboardtimer.mod10
 $5dff = showkickspin
 $5e0b = showkickspin.dok1
 $5e1a = showkickspin.dok2
 $5e29 = showkickspin.dok3
 $5e38 = showkickspin.dok4
 $5e47 = showkickspin.dok5
 $5e56 = showkickspin.dok6
 $5e65 = showkickspin.dok7
 $5e68 = show12guage
 $5e74 = show12guage.dok1
 $5e83 = show12guage.dok2
 $5e92 = show12guage.dok3
 $5ea1 = show12guage.dok4
 $5eb0 = show12guage.dok5
 $5ebf = show12guage.dok6
 $5ece = show12guage.dok7
 $5edd = show12guage.dok8
 $5eec = show12guage.dok9
 $5efb = show12guage.dok10
 $5f0a = show12guage.dok11
 $5f19 = show12guage.dok12
 $5f1c = showthrillride
 $5f28 = showthrillride.dok1
 $5f37 = showthrillride.dok2
 $5f46 = showthrillride.dok3
 $5f55 = showthrillride.dok4
 $5f64 = showthrillride.dok5
 $5f73 = showthrillride.dok6
 $5f82 = showthrillride.dok7
 $5f91 = showthrillride.dok8
 $5fa0 = showthrillride.dok9
 $5faf = showthrillride.dok10
 $5fb2 = newstate
 $5fdf = b2statestarts
 $602e = b2statelist
 $6514 = happy1
 $6518 = happy2
 $651c = happy3
 $6520 = happy4
 $6524 = happy5
 $6526 = happy
 $6546 = happy.notall
 $6554 = happy.delayed
 $6555 = lightfun
 $6567 = lightaward
 $6578 = rides1
 $657c = rides2
 $6580 = rides3
 $6584 = rides4
 $6588 = rides5
 $658a = rides
 $65aa = rides.noincbonus
 $65b8 = rides.delayed
 $65b9 = lightthrill
 $65cb = board2happy
 $65d5 = happyshow
 $65eb = statebit
 $65f2 = statebit.dok
 $65f7 = board2rides
 $65fa = ridesshow
 $6613 = ridesflash
 $6626 = ridesflash.aok
 $6631 = ridesflash.incbonus
 $6637 = happyflash
 $664a = happyflash.aok
 $6655 = happyflash.dohappy
 $665b = shiftleft
 $6665 = shiftleft.aok3
 $6679 = shiftleft.aok
 $667c = shiftright
 $6685 = shiftright.aok3
 $6698 = shiftright.aok
 $669b = swapkickbacks
 $66a9 = addthrilltime
 $66b4 = addthrilltime.aok
 $66b8 = startthrillride
 $66d7 = startfantasy
 $66fe = startfantasy.aok
 $6701 = startfantasy.bitscarryover
 $670b = starthide
 $6733 = startbumper
 $6781 = starttable
 $6794 = starttable.noinch
 $6799 = bumpercar
 $67cd = bumpercar.notgone
 $67d4 = bumpercar.gone
 $6807 = bumpercar.markpal
 $680c = bumpercalls
 $6814 = bumperidx
 $681c = board2popups
 $6845 = board2popshow
 $6854 = board2popupoff
 $6863 = clock
 $6866 = clockshow
 $6875 = clockflash
 $6888 = clockflash.aok
 $6893 = clockflash.done
 $6898 = dropb
 $689b = dropbshow
 $68af = dropbflash
 $68c2 = dropbflash.aok
 $68cd = dropbflash.done
 $68d2 = rightkickback
 $68eb = leftkickback
 $6904 = b2popupflash
 $6917 = b2popupflash.aok
 $6922 = b2popupflash.lighttrap
 $692d = hitrightkick
 $6948 = hitrightkick.locked
 $6964 = hitleftkick
 $697f = hitleftkick.locked
 $699b = b2finishedmode
 $69a7 = b2finishedmode.notmulti
 $69a8 = board2chances
 $69fa = awardthrillpoint1
 $6a01 = awardthrillpoint2
 $6a08 = awardthrillpoint3
 $6a0f = awardthrillpoint4
 $6a14 = awardthrillpoints
 $6a2e = awardthrillpoints.aok
 $6a42 = thrillpointbonus
 $6a48 = thrillpointbonus.div10
 $6a64 = thrillridetvs
 $6a6e = awardrollerlock
 $6a8a = awardflumelock
 $6aa5 = awardkickback
 $6acd = awardsuperkick
 $6ae4 = awardholdpops
 $6af7 = awardextraball
 $6b08 = awardholdbonus
 $6b15 = awardthrill
 $6b34 = awardfun
 $6b53 = awardadvancetop
 $6b64 = awardmaxtop
 $6b7c = awardmaxtop.ok
 $6b8e = awardmaxtop.noleft
 $6ba0 = awardmaxtop.nocenter
 $6bb2 = awardmaxtop.noright
 $6bbd = awardbonus1
 $6bc4 = awardbonus2
 $6bcb = awardbonus3
 $6bd2 = awardbonus4
 $6bd7 = awardbonuses
 $6bea = awardbonuses.fine
 $6bfa = award250k
 $6bff = award500k
 $6c04 = award750k
 $6c09 = award1000k
 $6c0c = awardpoints
 $6c17 = award25kjackpots
 $6c1e = award50kjackpots
 $6c23 = increasejackpots
 $6c3b = increasejacka
 $6c40 = increasejack1
 $6c43 = increasejack
 $6c54 = increasejack.deok
 $6c58 = b2showmultheld
 $6c62 = award60saver
 $6c6b = award30saver
 $6c72 = b2savers
 $6c86 = tryagain
 $6c89 = b2flashaccepted
 $6c8c = b2accepted
 $6c8e = b2chanceinit
 $6c9c = b2chanceinit.initlp
 $6ca7 = b2chanceinit.fill
 $6cb2 = b2chanceinit.initdone
 $6cb6 = board2giveaward
 $6cca = board2giveaward.normal
 $6cd0 = b2dochance
 $6cd3 = b2dochance.rnd
 $6ced = doextraopen
 $6cf7 = b2showlockopen
 $6d07 = startmulti
 $6d1e = tableprocess
 $6d31 = b2dummytable
 $6d32 = tableprocesses
 $6d40 = hideprocess
 $6d52 = hideprocess.aok
 $6d56 = bumperprocess
 $6d5e = bumperprocess.nodec0
 $6d64 = bumperprocess.nodec1
 $6d6a = bumperprocess.nodec2
 $6d70 = bumperprocess.nodec3
 $6d9c = tryhidecollect
 $6dbc = thrillprocess
 $6de6 = thrillprocess.nope
 $6de7 = fantasyprocess
 $6e03 = happyprocess
 $6e04 = flumemultiprocess
 $6e05 = rollermultiprocess
 $6e06 = setthrilltime
 $6e0f = endtable
 $6e2e = endtable.happyend
 $6e33 = endtable.bumperend
 $6e4d = endtable.hideend
 $6e5f = endtable.thrillend
 $6e67 = endtable.fantasyend
 $6e72 = endtable.thrillmultiend
 $6e7c = endtable.anyend
 $6e7f = b2quietend
 $6e96 = b2quietend.ok
 $6e99 = b2starthappy
 $6ebb = b2happyfire
 $6ecd = b2triggerhappy
 $6ed5 = b2doextraball
 $6edc = b2doextraball.fine
 $6eeb = board2spinner
 $6efe = board2spinner.above
 $6f00 = board2spinner.aok2
 $6f45 = board2spinner.noincm
 $6f58 = board2spinner.nocredit
 $6f73 = board2spinner.decb
 $6f74 = board2spinner.nochange
 $6f74 = board2spinner.incb
 $6f85 = board2spinner.decb2
 $6f86 = board2spinner.nofriction
 $6f86 = board2spinner.incb2
 $6fd0 = board2spinner.aok
 $6fe0 = board2spinner.aok4
 $6fe5 = hitspinner
 $6ffb = hitspinner.neg
 $7003 = hitspinner.aok
 $7008 = hitspinner.nochange
 $7009 = tablesong
 $7019 = songmap
 $7026 = tryswitch
 $7057 = tvplayers
 $705b = PlayerReport
 $7072 = treattab
 $70a4 = treat
 $70ab = treat.mok
 $70b2 = treat.r50
 $70be = treat.norand
 $70f1 = treat.aok
 $70f5 = treatvalues
 $7127 = enoughtreats
 $7135 = treatsneeded
 $7138 = tryridephoto
 $714e = tryridephoto.photo1
 $7153 = tryridephoto.photo4
 $7155 = tryridephoto.photo2
 $715a = tryridephoto.photo3
 $715f = tryridephoto.restscore
 $7162 = tryridephoto.rest
 $717f = tryridephoto.mok
 $7180 = trybrassring
 $7196 = trybrassring.ring1
 $719b = trybrassring.ring4
 $719d = trybrassring.ring2
 $71a2 = trybrassring.ring3
 $71a7 = trybrassring.restscore
 $71aa = trybrassring.rest
 $71c7 = trybrassring.mok
 $71c8 = incwarp
 $71cf = incwarp.mok
 $71dd = board2_end
 $71e0 = menu2maplist
 $71e5 = Menu2
 $722d = Menu2.fine
 $7235 = menu2outer
 $7238 = menu2loop
 $7251 = menu2loop.nofade
 $727c = menu2loop.updown
 $7291 = menu2loop.menuok
 $7299 = menu2loop.leftright
 $72ae = menu2loop.fine
 $72b9 = menu2loop.fine2
 $72d1 = menu2showrows
 $72de = menu2showrows.srlp
 $72f2 = showrow
 $72fe = menu2forward
 $7306 = menu2back
 $730f = menu2shutdown
 $7315 = menu2on
 $731a = menu2off
 $731d = menu2onoff
 $7329 = menu2onoff.wait
 $7349 = menu2onoff.positions
 $734d = menu2offs
 $7395 = menu2ons
 $73f5 = menu2rowlengths
 $73f9 = menu2rowstarts
 $73fd = menu2movecursor
 $741c = menu2curslist
 $7434 = menu2cursor
 $743d = menu2cursor.aok
 $7459 = menu2maxes
 $7468 = menu2maxes.max1
 $746d = menu2maxes.bad
 $746e = menu2maxes.good
 $7474 = menu7maplist
 $7479 = Menu7
 $74c0 = menu7outer
 $74c3 = menu7loop
 $74dc = menu7loop.nofade
 $7505 = menu7loop.updown
 $7507 = menu7loop.leftright
 $751c = menu7loop.fine
 $7527 = menu7loop.fine2
 $753f = menu7loop.doit
 $7547 = menu7showrows
 $754d = menu7forward
 $7556 = menu7back
 $755f = menu7shutdown
 $7565 = menu7on
 $756a = menu7off
 $756d = menu7onoff
 $7583 = menu7onoff.wait
 $75a3 = menu7onoff.positions
 $75a7 = menu7onlist
 $75b1 = menu7offlist
 $75bb = menu7ons
 $75c7 = menu7offs
 $75d3 = menu7gons
 $75df = menu7goffs
 $75eb = menu7fons
 $75f7 = menu7foffs
 $7603 = menu7ions
 $760f = menu7ioffs
 $761b = menu7sons
 $7627 = menu7soffs
 $7633 = menu7rowlengths
 $7634 = menu7rowstarts
 $7635 = menu7movecursor
 $7654 = menu7curslist
 $7658 = menu7cursor
 $7661 = menu7cursor.aok
 $7680 = SubHitFlipper_b
 $769a = outinfo
 $76c0 = outmaplist
 $76c5 = outdone
 $76c6 = OutInit
 $7703 = OutInit.on
 $772c = outlostball
 $7752 = outflipper
 $778f = outflipper.col0
 $7794 = outflipper.col1
 $7799 = outflipper.col2
 $779e = outflipper.col3
 $77a3 = outflipper.col4
 $77a8 = outflipper.col5
 $77ad = outflipper.col6
 $77b2 = outflipper.col7
 $77b7 = outflipper.col8
 $77ba = outflipper.cols
 $77c8 = outflipper.bp3
 $77c9 = outflipper.bp2
 $77ca = outflipper.bp1
 $77cb = outflipper.bp0
 $77fe = outprocess
 $780d = outprocess.nope
 $7826 = outprocess.nosecond
 $7827 = outsaver
 $783c = outsaver.on
 $7841 = outsaver.off
 $7846 = outrect
 $784c = outrects
 $7a02 = outbumper
 $7a2c = outbumper.soft
 $7a32 = outcollisions
 $7a34 = outhit
 $7a35 = outsprites
Bank #11:
 $4000 = FileSys
Bank #16:
 $4000 = PinTiles
Bank #23:
 $5b80 = CgbSprDumpLoop
 $5b82 = CgbSprDumpMax
 $5b88 = CgbSprDumpYPos
 $5b8d = CgbSprDumpXPos
 $5b99 = CgbSprDumpHbl0
 $5b9a = CgbSprDumpHbl0.Sync0
 $5ba0 = CgbSprDumpHbl0.Wait0
 $5bd4 = CgbSprDumpIrq0
 $5beb = CgbSprDumpHbl1
 $5bec = CgbSprDumpHbl1.Sync1
 $5bf2 = CgbSprDumpHbl1.Wait1
 $5c1f = CgbSprDumpNext
 $5c2c = CgbSprDumpDone
 $5c41 = CgbSprDumpExit
 $5c44 = ProcessDirties_real
 $5c85 = ProcessDirties_real.do8
 $5c86 = ProcessDirties_real.do8lp
 $5c8f = ProcessDirties_real.notdirty
 $5c95 = UpdateRowPals
 $5c96 = UpdateRowPals.mod
 $5cb3 = UpdateRowPals.bok
 $5cbf = UpdateRowPals.row2
 $5cc8 = UpdateRowPals.nodepth
 $5cfc = ClrRect18_b
 $5d16 = DmaBitbox20x18_b
 $5d30 = Fire_b
 $5d4a = clear3
 $5d50 = EnterHigh
 $5d9c = EnterHigh.drawletters
 $5dbe = EnterHigh.h
 $5dca = EnterHigh.zcpy
 $5dd1 = EnterHigh.notexit
 $5ded = EnterHigh.loop
 $5e0b = ehprocess
 $5e3b = ehprocess.move
 $5e43 = ehprocess.lefttab
 $5e5f = ehprocess.righttab
 $5e7b = ehprocess.uptab
 $5e97 = ehprocess.downtab
 $5eb3 = ehprocess.pick
 $5ec0 = ehprocess.k6
 $5edc = ehprocess.good
 $5ef1 = ehprocess.letter
 $5f1d = ehprocess.rub
 $5f3a = ehdone
 $5f43 = ehnewpos
 $5f55 = ehpositions
 $5f8d = ehmap
 $5fa9 = ehshow3
 $5ffb = k6match
 $6005 = ehcopy3
 $600e = underlines
 $6021 = ehcursor
 $602a = ehcursor.aok
 $6064 = CheckHighs
 $6086 = checkhigh
 $60af = checkhigh.complp
 $60b3 = checkhigh.ci
 $60be = checkhigh.next
 $60c9 = checkhigh.bigger
 $60e2 = checkhigh.movelp
 $60ea = checkhigh.doit
 $60ed = checkhigh.m2
 $60f6 = checkhigh.done
 $611f = showf
 $613c = showf.wait
 $614b = highstores
 $6153 = elang
 $615c = falconinfo
 $6182 = falconmaplist
 $6187 = falcondone
 $619d = FalconInit
 $6235 = falclostball
 $625b = falconprocess
 $6290 = falconprocess.fast
 $62a9 = falconprocess.nochange
 $62cd = falconprocess.nofalcslow
 $62da = falconprocess.noeject
 $62da = falconprocess.nosecond
 $62ed = falconprocess.same
 $62ee = falcshow
 $62f3 = falcsaver
 $6308 = falcsaver.on
 $630d = falcsaver.off
 $6312 = setfalceject
 $6320 = setfalceject.aok
 $6324 = falceject
 $633f = falcdoeject
 $6356 = falcnewcolor
 $6380 = falcbasehit
 $639b = falcbasehit.match
 $63a3 = falcbasehit.wildcard
 $63c5 = falcbasehit.notyet
 $63ca = falcbasehit.wrong
 $63d8 = falcbasehit.fine
 $63de = falcwhirly
 $63f9 = falcwhirlys
 $6401 = falcondropon
 $640d = falcondropoff
 $6419 = falconon
 $644e = falconrect
 $6454 = falconrects
 $64e4 = FalconBumper
 $650a = FalconBumper.left2
 $6511 = FalconBumper.hit1
 $651b = FalconBumper.hit2
 $6525 = FalconBumper.right2
 $6531 = FalconBumper.hit3
 $653b = FalconBumper.hit4
 $6543 = FalconBumper.ahit
 $6566 = FalconBumper.soft
 $656c = falconslow
 $6572 = falconcollisions
 $6574 = falconhit
 $6575 = falconsprites
 $659f = falcmarker
 $65c4 = falcmarker.abcok
 $65c7 = falccircle
 $65e8 = kissinfo
 $660e = kissmaplist
 $6613 = kissdone
 $661a = kissdone.credits
 $6628 = kissdone.nothing
 $6629 = KissInit
 $666a = kisslostball
 $6690 = kissprocess
 $66ac = kissprocess.nosecond
 $66bb = kissprocess.same
 $66bc = kisssaver
 $66d1 = kisssaver.on
 $66d6 = kisssaver.off
 $66db = kissbasehit
 $6702 = lowerplatform
 $6716 = lowerplatform.aok
 $671a = bottomplatform
 $672e = kissdropon
 $673a = kissdropoff
 $6746 = kisson
 $677f = kissrect
 $6785 = kissrects
 $6845 = kissBumper
 $686b = kissBumper.left2
 $6872 = kissBumper.hit1
 $687c = kissBumper.hit2
 $6886 = kissBumper.right2
 $6892 = kissBumper.hit3
 $689c = kissBumper.hit4
 $68a4 = kissBumper.ahit
 $68c6 = kissBumper.bottom
 $68c9 = kissBumper.soft
 $68c9 = kissBumper.down
 $68cf = kisscollisions
 $68d1 = kisshit
 $68d2 = kisssprites
 $68df = kisssprites.noincbc
 $6914 = kisshandlelit
 $691f = kisshandlelit.less
 $6929 = kisshandlelit.more
 $6934 = loopinfo
 $695a = loopmaplist
 $695f = loopdone
 $6960 = arrowtimes
 $6963 = LooperInit
 $69c1 = looplostball
 $69e7 = loopprocess
 $6a05 = loopprocess.noarrowchange
 $6a17 = loopprocess.nosecond
 $6a18 = loopcredits
 $6a22 = handleloopevent
 $6a3d = handleloopevent.aok
 $6a64 = handleloopevent.done
 $6a6c = loopdec
 $6a78 = newlooparrow
 $6a8c = nextloop
 $6a90 = loopsaver
 $6aa5 = loopsaver.on
 $6aaa = loopsaver.off
 $6aaf = looprect
 $6ab5 = looprects
 $6af1 = looparrowon
 $6b02 = loopBumper
 $6b16 = loopBumper.soft
 $6b1c = loopset1
 $6b20 = loopset2
 $6b24 = loopset3
 $6b28 = loopset4
 $6b2c = loopset5
 $6b30 = loopset6
 $6b32 = loopevent
 $6b5b = loopevent.maybe1
 $6b69 = loopevent.maybe2
 $6b77 = loopevent.maybe3
 $6b85 = loopevent.maybe4
 $6b93 = loopcollisions
 $6bc5 = loophit
 $6bc6 = loopsprites
 $6bcc = buildinfo
 $6bf2 = buildmaplist
 $6bf7 = builddone
 $6bf8 = BuildInit
 $6c43 = buildlostball
 $6c69 = buildfirstball
 $6c75 = buildprocess
 $6c96 = buildprocess.nocheck
 $6cb5 = buildmovecar
 $6cc0 = buildmovecar.nopause
 $6cc8 = buildmovecar.noinc2
 $6cc9 = buildtrack
 $6cd8 = buildsaver
 $6ced = buildsaver.on
 $6cf2 = buildsaver.off
 $6cf7 = buildrect
 $6cfd = buildrects
 $6e59 = buildbumper
 $6e83 = buildbumper.t5
 $6e87 = buildbumper.t4
 $6e8b = buildbumper.t3
 $6e8f = buildbumper.t2
 $6e93 = buildbumper.t07
 $6e98 = buildbumper.t7
 $6e9c = buildbumper.t0
 $6ea0 = buildbumper.t16
 $6ea5 = buildbumper.t6
 $6ea9 = buildbumper.t1
 $6eab = buildbumper.target
 $6eae = buildbumper.soft
 $6eb4 = buildtarget
 $6ecd = buildtarget.force
 $6ed5 = buildtarget.noreset
 $6ee7 = buildtarget.cok
 $6ef1 = buildtarget.aok
 $6ef4 = buildtarget.good
 $6ef7 = buildtarget.double
 $6f14 = buildcollisions
 $6f16 = buildhit
 $6f17 = buildsprites
 $6f1d = buildbits
 $6f25 = buildlights
 $6f42 = buildlights.off
 $6f46 = buildlights.on
 $6f4b = buildlights.white
 $6f51 = buildwhite
 $6f66 = buildwhitespeeds
 $6f69 = buildwhitespeed
 $6f77 = buildcar
 $6f7d = buildcoaster
 $6fcb = buildtracklist
 $72e0 = bearinfo
 $7306 = bearmaplist
 $730b = beardone
 $730c = BearInit
 $7366 = bearlostball
 $738c = bearprocess
 $73b3 = bearprocess.nosecond
 $73b4 = bearmovecar
 $73d0 = bearmovecar.leftoff
 $73df = bearmovecar.off0
 $73ee = bearmovecar.off1
 $73fd = bearmovecar.off2
 $73ff = bearmovecar.rightoff
 $740e = bearmovecar.off3
 $741d = bearmovecar.off4
 $742c = bearmovecar.bothoff
 $742c = bearmovecar.off5
 $7430 = bearmovecar.forceoff
 $7436 = bearmovecar.noreset
 $7466 = bearmovecar.cok
 $747b = bearmovecar.skipoff
 $748e = bearmovecar.alloff
 $74aa = bearmovecar.bearbit
 $74c0 = bearmovecar.aok
 $74c3 = bearmovecar.down
 $74c5 = bearmovecar.same
 $74ca = bearoff
 $74cb = bearbits
 $74d5 = bearsaver
 $74ea = bearsaver.on
 $74ef = bearsaver.off
 $74f4 = bearrect
 $74fa = bearrects
 $7596 = bearbumper
 $75af = bearbumper.right
 $75b9 = bearbumper.r0
 $75bd = bearbumper.r1
 $75c1 = bearbumper.r2
 $75c5 = bearbumper.left
 $75d3 = bearbumper.l0
 $75d7 = bearbumper.l1
 $75db = bearbumper.l2
 $75df = bearbumper.all
 $7610 = bearbumper.hlok
 $761f = bearbumper.c2
 $7622 = bearbumper.c1
 $7630 = bearbumper.aok
 $7633 = bearbumper.soft
 $7633 = bearbumper.already
 $7639 = beardid1
 $7653 = bearsteps
 $7656 = bearcollisions
 $7658 = bearhit
 $7659 = bearsprites
 $765f = bearcar
 $766c = bearcar.left
 $769d = bearcar.right
 $76d0 = sideinfo
 $76f6 = sidemaplist
 $76fb = raisetimes
 $76fe = sidedone
 $76ff = SideInit
 $7745 = sidelostball
 $776b = sideprocess
 $7795 = sideprocess.tryraise
 $779f = sideprocess.noraise
 $77a0 = sideraise
 $77d0 = sidebothup
 $77d6 = sideopen
 $77ea = sidesaver
 $77ff = sidesaver.on
 $7804 = sidesaver.off
 $7809 = siderect
 $780f = siderects
 $78ff = sidebumper
 $793b = sidebumper.p4
 $793f = sidebumper.p0
 $7943 = sidebumper.p6
 $7947 = sidebumper.p2
 $794b = sidebumper.p3
 $794f = sidebumper.lefts
 $795f = sidebumper.p1
 $7963 = sidebumper.p7
 $7967 = sidebumper.rights
 $7977 = sidebumper.p5
 $797b = sidebumper.p8
 $797d = sidebumper.handle
 $7980 = sidebumper.soft
 $7986 = sideleftdown
 $799a = sideleftdowntemp
 $79a9 = siderightdown
 $79bd = siderightdowntemp
 $79cc = sideleftup
 $79ee = siderightup
 $7a10 = sideleftrestore
 $7a18 = siderightrestore
 $7a1d = siderestore
 $7a29 = siderestore.s0
 $7a30 = siderestore.s1
 $7a37 = siderestore.s2
 $7a3a = setsideleft
 $7a5b = setsideright
 $7a7c = handlesidehit
 $7ab7 = handlesidehit.left
 $7ad9 = handlesidehit.right
 $7afb = sideenterleft
 $7b13 = sideenterright
 $7b2a = sidecollisions
 $7b3c = sidehit
 $7b3d = sidesprites
 $7b40 = sidepostab
 $7c60 = dosideping
 $7c8f = dosideping.noend
 $7c9a = dosideping.right
 $7ca0 = dosideping.left
 $7ca6 = dosideping.cont
 $7cb0 = dosideping.aok
Bank #24:
 $4000 = Char00
Bank #26:
 $6520 = DmaBitbox20x18_b
 $653a = pintest_b
 $6554 = Menu_b
 $656e = Menu2_b
 $6588 = Menu3_b
 $65a2 = EnterHigh_b
 $65bc = ShowHigh_b
 $65d6 = CheckHighs_b
 $65f0 = Menu6_b
 $660a = ClrRect18
 $663a = ClrRect18.Skip0
 $6656 = ClrRect18.Loop0
 $6667 = ClrRect18.Error
 $6669 = CodeClrColumn
 $670a = loadbg
 $6731 = loadbg.dclp
 $674a = loadbg.dclast
 $678c = copymap
 $6793 = copymap.cy
 $6795 = copymap.cx
 $67af = shutdownbitmap
 $67cd = ClrHigh
 $67e6 = ClrTop
 $6801 = ClrCenter
 $681c = ClrAll
 $6830 = CpyAll
 $683f = CpyHigh
 $684b = CpyTop
 $6859 = CpyCenter
 $6867 = pickfont
 $686a = copyz
 $6871 = SelectSetup
 $6874 = MenuSetup
 $6888 = GameSelectClr
 $688c = GameSelect
 $6899 = sel3loop
 $68ae = sel3loop.nozerotime
 $68b6 = sel3loop.no16
 $68da = sel3loop.back
 $68de = sel3loop.done
 $68e2 = sel3loop.ref
 $68e9 = sel3loop.switch
 $68f7 = sel3loop.aok
 $6903 = sel3loop.leftright
 $6917 = sel3loop.bok
 $691c = sel3loop.notdiff
 $6931 = sel3loop.redisp
 $6939 = sel3done
 $693a = Sel34
 $693b = Sel34.sel34lp
 $6946 = sel3disp
 $694e = sel3disp.normal
 $696a = sel3disp.gotde
 $6992 = sel3disp.d10
 $699d = sel3disp.notsfx
 $69a9 = selfixattrhigh
 $69bf = selfixattrhigh.aok
 $69c9 = selfixattr
 $69ca = selfixattr2
 $69df = selfixattr2.aok
 $69e9 = selcenterattr
 $69ea = selcenterattr2
 $69ff = selcenterattr2.aok
 $6a09 = sel3tab
 $6a21 = msgsfx
 $6a27 = msgeasy
 $6a2c = msgmedium
 $6a33 = msghard
 $6a38 = msgsub1
 $6a3f = msgsub2
 $6a44 = msgsub3
 $6a4b = msgsub4
 $6a52 = msgsub5
 $6a59 = msgsub6
 $6a64 = msgsub7
 $6a70 = msgsub8
 $6a78 = msgsub9
 $6a83 = msgsub10
 $6a8e = shell1
 $6a94 = testmenu
 $6a9d = shell1outer
 $6aa0 = shell1loop
 $6adb = pintests
 $6aea = dosfx
 $6af8 = dosfx.tune
 $6afd = st
 $6aff = domenu2
 $6b02 = domenu
 $6b1c = domenu.records
 $6b21 = domenu.top
 $6b55 = enterhigh
 $6b62 = SingleScreenNo
 $6b68 = SingleScreenYes
 $6b6d = SingleScreen
 $6b85 = SingleScreen.wait
 $6b97 = SingleScreen.noskipout
 $6b9a = SingleScreen.exit
 $6b9d = doshell
 $6bc3 = checklanguage
 $6bd2 = checklanguage.force
 $6bdc = funmaplist
 $6be1 = thrillmaplist
 $6be6 = resultrects
 $6c04 = resultrect
 $6c0a = res1flags
 $6c13 = res1needs
 $6c1c = res1bits
 $6c25 = outresult
 $6c2f = outresult.aok
 $6c36 = ResultScreen_b
 $6c5f = ResultScreen_b.thrill
 $6c6f = ResultScreen_b.fun
 $6c91 = ResultScreen_b.nocomplete
 $6cdc = ResultScreen_b.fill
 $6d04 = ResultScreen_b.nocomplete2
 $6d33 = ResultScreen_b.wait
 $6d49 = funclist
 $6d52 = part1
 $6d60 = part2
 $6d8e = part2.lead0
 $6d95 = part2.skip
 $6d9b = part2.done
 $6d9e = part2.cpy
 $6dab = rescomma3
 $6dad = res3
 $6dba = resrow
 $6dbd = resrow.rrlp
 $6dca = completestring1
 $6dd1 = completestring2
 $6de0 = scorestring
 $6de8 = Menu7_b
 $6e02 = BBRAMZap_b
 $6e1c = menu6maplist
 $6e21 = Menu6
 $6e22 = menu6redo
 $6e69 = menu6outer
 $6e6c = menu6loop
 $6e85 = menu6loop.nofade
 $6eaf = menu6loop.updown
 $6ebd = menu6loop.menuok
 $6ec5 = menu6loop.leftright
 $6ede = menu6loop.fine
 $6ee9 = menu6loop.fine2
 $6f04 = menu6loop.doit
 $6f25 = menu6loop.credits
 $6f33 = showrows
 $6f42 = showrow
 $6f4e = menu6forward
 $6f56 = menu6back
 $6f5f = menu6shutdown
 $6f65 = menu6on
 $6f6a = menu6off
 $6f6d = menu6onoff
 $6f83 = menu6onoff.wait
 $6fa3 = menu6onoff.positions
 $6fa6 = menu6onlist
 $6fb0 = menu6offlist
 $6fba = menu6ons
 $6fde = menu6offs
 $7002 = menu6gons
 $7026 = menu6goffs
 $704a = menu6fons
 $706e = menu6foffs
 $7092 = menu6ions
 $70b6 = menu6ioffs
 $70da = menu6sons
 $70fe = menu6soffs
 $7122 = rowlengths
 $7128 = rowstarts
 $712e = movecursor
 $7157 = curslists
 $7161 = curslist
 $7173 = gcurslist
 $7185 = fcurslist
 $7197 = icurslist
 $71a9 = scurslist
 $71bb = cursor
 $71c4 = cursor.aok
 $71e0 = menu6maxes
 $71f5 = menu6maxes.max1
 $71fa = menu6maxes.bad
 $71fb = menu6maxes.good
 $71fe = credits
 $7209 = credits.notune
 $725a = credits.sh1
 $726e = credits.wait
 $7280 = ClrRect18_b
 $729a = DmaBitbox20x18_b
 $72b4 = IR_b
 $72ce = ShowHigh
 $72e1 = ShowHigh.aok
 $730b = ShowHigh.loop
 $732d = ShowHigh.notfirst
 $7336 = shdraw
 $7358 = shhighlist
 $7368 = shpage
 $736a = shpage.lp
 $73d7 = sh3letters
 $73e7 = sh3letters.done
 $73eb = sh1letter
 $73f9 = sh1letter.bad
 $73fb = dec3hl
 $740d = dec3hl.dig1xx
 $7411 = dec3hl.dig2xx
 $7412 = dec3hl.dig2
 $7414 = dec3hl.div10
 $741c = dec3hl.dig1
 $7420 = shscore
 $743a = shscore.fnz
 $7441 = shscore.skip
 $7445 = shscore.done
 $7448 = shscore.cz
 $7450 = shcomma
 $7452 = sh3
 $7458 = sh1
 $745f = sh1.aok
 $7463 = shprocess
 $7481 = shprocess.ir
 $748a = shprocess.move
 $7496 = shprocess.fine
 $749f = shprocess.change
 $74ad = shprocess.aok
 $74c8 = shprocess.done
 $74ce = ehdone
 $74dd = ehnewpos
 $74ef = ehpositions
 $74f5 = shcursor
 $74fe = shcursor.aok
 $751e = hlang
Bank #27:
 $4000 = Char20
 $72c0 = menumaplist
 $72c5 = Menu
 $730e = Menu.p4
 $7313 = Menu.p3
 $7318 = Menu.p2
 $731d = Menu.p1
 $7327 = menuouter
 $732a = menuloop
 $7343 = menuloop.nofade
 $736e = menuloop.updown
 $7370 = menuloop.leftright
 $7385 = menuloop.fine
 $7390 = menuloop.fine2
 $73a9 = menuloop.wy
 $73bb = menuloop.bigger
 $73c0 = menuloop.smaller
 $73c6 = showrows
 $73d0 = showrow
 $73dc = menuforward
 $73e4 = menuback
 $73ed = menushutdown
 $73f3 = menuon
 $73f8 = menuoff
 $73fb = menuonoff
 $7407 = menuonoff.wait
 $7427 = menuonoff.positions
 $742a = menuonwipe
 $742f = menuoffwipe
 $7432 = menuonoffwipe
 $7445 = menuonoffwipe.y
 $744f = menuonoffwipe.cok
 $7465 = menuons
 $7495 = menuoffs
 $74c5 = rowlengths
 $74c7 = rowstarts
 $74c9 = movecursor
 $74e8 = curslist
 $74f0 = cursor
 $74f9 = cursor.aok
 $7515 = menu1maxes
 $751b = menu1maxes.max1
 $7520 = menu1maxes.bad
 $7521 = menu1maxes.good
 $7524 = menu3maplist
 $7529 = Menu3
 $7529 = menu3re
 $756d = menu3outer
 $7570 = menu3loop
 $7589 = menu3loop.nofade
 $759a = menu3loop.cpy
 $75ab = menu3loop.skip
 $75b8 = menu3loop.noclr
 $75d1 = menu3loop.updown
 $75e0 = menu3loop.aok
 $75ea = menu3loop.done
 $75f4 = menu3loop.back
 $75fd = menu3demo
 $760e = menu3shutdown
 $7614 = historycheck
 $7633 = menu3on
 $7638 = menu3off
 $763b = menu3onoff
 $764e = menu3onoff.wait
 $766e = menu3onoff.positions
 $7672 = menu3ons
 $768a = menu3offs
 $76a2 = menu3gons
 $76ba = menu3goffs
 $76d2 = menu3fons
 $76ea = menu3foffs
 $7702 = menu3ions
 $771a = menu3ioffs
 $7732 = menu3sons
 $774a = menu3soffs
 $7762 = menu3onlist
 $776c = menu3offlist
 $7776 = menu3curslist
 $777c = menu3movecursor
 $7792 = menu3cursor
 $779b = menu3cursor.aok
 $77b8 = boatinfo
 $77de = boatmaplist
 $77e3 = boatdone
 $77e4 = BoatInit
 $782f = boatlostball
 $7855 = boatprocess
 $786e = boatprocess.noincm
 $788d = boatprocess.noarrows
 $788e = boatsaver
 $78a3 = boatsaver.on
 $78a8 = boatsaver.off
 $78ad = boatrect
 $78b3 = boatrects
 $794f = boatcredits
 $795b = boatcredit
 $7972 = boatcredit.dec
 $7984 = boatcredit.done
 $7984 = boatcredit.none
 $7993 = boatcredit.noend
 $7998 = setboatdrop
 $79c2 = setboatdrop.no1
 $79ec = setboatdrop.no2
 $79ed = boaton
 $7a28 = boatoff
 $7a5e = boatbumper
 $7a97 = boatbumper.cok
 $7ab8 = boatbumper.soft
 $7ab8 = boatbumper.mok
 $7ab8 = boatbumper.ignore
 $7abe = boatleft
 $7ac1 = boatmiddle
 $7ac5 = boatright
 $7ac7 = boatloop
 $7ae8 = boatloop.aok
 $7aeb = launchboat
 $7af2 = boatcollisions
 $7b0c = boatarrows
 $7b1d = boatarrowsoff
 $7b27 = boatarrowson
 $7b31 = boathit
 $7b32 = boatsprites
 $7b38 = boatsprite
 $7b41 = boatsprite.aok
 $7b80 = boatsprite.bottom
 $7b8d = boatsprite.top
 $7b91 = boatsprite.both
 $7b95 = boatsprite.all
 $7b97 = boatsprite.ok
 $7ba3 = boatsprite.some
 $7ba4 = boatsprite.sync1a
 $7ba4 = boatsprite.sync
 $7baa = boatsprite.sync1b
 $7bb0 = boatsprite.fill
Bank #28:
 $4000 = Char10
Bank #30:
 $6fc0 = raceinfo
 $6fe6 = racemaplist
 $6feb = racedone
 $6fec = RaceInit
 $7038 = racelostball
 $705e = racefirstball
 $706a = raceprocess
 $7088 = raceprocess.force1
 $7090 = raceprocess.no1
 $70a8 = raceprocess.force2
 $70b0 = raceprocess.no2
 $70e3 = raceprocess.nosecond
 $70e4 = racewon
 $70e4 = racelost
 $70e7 = racesaver
 $70fc = racesaver.on
 $7101 = racesaver.off
 $7106 = racerect
 $710c = racerects
 $71a8 = racebumper
 $71d2 = racebumper.t5
 $71d6 = racebumper.t4
 $71da = racebumper.t3
 $71de = racebumper.t2
 $71e2 = racebumper.t07
 $71e7 = racebumper.t7
 $71eb = racebumper.t0
 $71ef = racebumper.t16
 $71f4 = racebumper.t6
 $71f8 = racebumper.t1
 $71fa = racebumper.target
 $71fd = racebumper.soft
 $7203 = racetarget
 $720c = racetarget.bok
 $721b = racetarget.notfirst
 $722a = racetarget.good
 $723e = racetarget.force
 $7249 = racetarget.full
 $724b = racetarget.notfull
 $725d = racetarget.cok
 $7267 = racetarget.aok
 $726a = racetarget.double
 $7284 = racecollisions
 $7286 = racehit
 $7287 = racewhitespeeds
 $728a = setwhitespeed
 $7298 = whiteleft
 $72a0 = whiteright
 $72a8 = racewhite
 $72c2 = racewhite.hlok
 $72ce = racebits
 $72d6 = racelights
 $7301 = racelights.off
 $7305 = racelights.on
 $730a = racelights.white
 $7310 = racesprites
 $731a = racecars
 $732b = racecars.ok1
 $733f = coaster
 $733f = racecars.ok2
 $7393 = racetrack2
 $76a5 = racetrack1
Bank #31:
 $4000 = TblStrings
 $5c80 = board2first_b
 $5c9a = board2init_b
 $5cb4 = FalconInit_b
 $5cce = KissInit_b
 $5ce8 = RapidsInit_b
 $5d02 = LooperInit_b
 $5d1c = BuildInit_b
 $5d36 = BearInit_b
 $5d50 = BoatInit_b
 $5d6a = RaceInit_b
 $5d84 = SideInit_b
 $5d9e = OutInit_b
 $5db8 = chainsubgame
 $5e33 = demojs
 $5e41 = demojs.no2
 $5e52 = demojs.bcok2
 $5e6b = demojs.bcok
 $5e78 = demojs.above
 $5eb4 = demojs.aok
 $5eb9 = demojs.demodone
 $5ec4 = randomhit
 $5ee0 = randomhit.nofix
 $5ee9 = randomhit.wait
 $5eea = randomhit.set
 $5ef1 = chiffReadJoypad
 $5f14 = chiffReadJoypad.nosel1
 $5f24 = chiffReadJoypad.nosel2
 $5f27 = chiffReadJoypad.normal
 $5f33 = chiffReadJoypad.chiff
 $5f38 = chiffReadJoypad.zeroout
 $5f40 = pintest
 $5f6c = pinouter
 $5f72 = pinloop
 $5f79 = pinloop.inclp
 $5f7d = pinloop.noincclock
 $5f96 = pinloop.notv
 $5fa9 = pinloop.norumble
 $5fd4 = pinloop.noshutdown
 $5fe9 = pinloop.bok1
 $5ff8 = pinloop.bok2
 $5ffc = pinloop.forcebottom
 $6021 = pinloop.nofade
 $6029 = pinpause
 $6036 = pinpause.pauseouter
 $6052 = pinpause.deok
 $6055 = pinpause.pplp
 $6078 = pinpause.right
 $6083 = pinpause.gotnew
 $6088 = pinpause.left
 $6094 = pinpause.carry
 $6098 = pinpause.yesno
 $609a = pinpause.toyesno
 $60a9 = pinpause.trypausedone
 $60b0 = pinpause.nope
 $60b8 = pinpause.doit
 $60d7 = pinpause.tryquit
 $60e4 = pinpause.quit
 $60e9 = pinpause.msgs
 $60f4 = pinpause.ok
 $60fd = pinpause.pausedone
 $610a = pindone
 $6110 = panel
 $6134 = panel.noflash
 $613e = panel.toscore
 $6147 = panel.noscore
 $6148 = doflippers
 $614b = dorflipper
 $615d = dorflipper.upright
 $6168 = dorflipper.downright
 $6173 = dolflipper
 $6185 = dolflipper.upleft
 $6196 = dolflipper.downleft
 $61a1 = newleft
 $61b5 = newright
 $61c9 = offflipper
 $61d6 = onflipper
 $61e3 = OffFlippers
 $61f9 = OnFlippers
 $620f = showpinballs
 $6210 = showpinballs.showlp
 $6226 = showpinballs.notused
 $6230 = showpinball
 $6285 = showpinball.size16
 $628a = showpinball.size17
 $628f = showpinball.size18
 $6294 = showpinball.nopause
 $62a2 = showpinball.gotbc
 $62b2 = processballs
 $62c4 = pinmoves
 $62d5 = pinmoves.noresetgravity
 $62e0 = pinmoves.noresetspin
 $62e1 = pinmoves.movelp
 $6301 = pinmoves.notused
 $630b = pinmove
 $6326 = pinmove.scoopout
 $632b = pinmove.nopause
 $633d = pinmove.nogravity
 $633d = pinmove.nocarry
 $634a = pinmove.nospin
 $6364 = pinmove.noresetball
 $640c = pinmove.flipper1
 $6442 = pinmove.flipper2
 $6488 = pinmove.bok
 $648a = pinmove.nocollision
 $64b0 = pinmove.noflipped
 $64b7 = pinmove.pushout
 $64c0 = pinmove.posc
 $64d8 = pinmove.poss
 $6507 = pinmove.nohit
 $650f = nearbox
 $6533 = unpushballs
 $653d = unpushballs.doit
 $6540 = unpushballs.lp
 $6565 = unpushballs.notused
 $656c = pushballs
 $6576 = pushballs.doit
 $6579 = pushballs.lp
 $659e = pushballs.notused
 $65a5 = getpushposes
 $65ae = getpushposes.dok
 $65b7 = getpushposes.bok
 $65b8 = fixpush
 $65d0 = unfixpush
 $65e8 = getpushes
 $65f9 = getpushes.gotbc
 $660a = getpushes.gotde
 $660b = neghl
 $6613 = hlshr3
 $6619 = hlshr5
 $6624 = hlshr5.noinc1
 $662b = hlshr5.noinc2
 $662b = neghlshr3
 $6632 = neghlshr3.noinc3
 $6639 = neghlshr3.noinc4
 $6640 = poshlshr5
 $6648 = poshlshr3
 $6655 = bcshr1
 $665b = bcshr2
 $6661 = bcshr5
 $666c = bcshr5.noinc1
 $6673 = bcshr5.noinc2
 $667a = negbcshr2
 $667a = bcshr5.noinc3
 $6681 = negbcshr1
 $6681 = negbcshr2.noinc4
 $6688 = posbcshr5
 $6694 = posbcshr2
 $6698 = posbcshr1
 $669d = deshr1
 $66a3 = deshr2
 $66ae = deshr2.noinc1
 $66ae = negdeshr1
 $66b5 = posdeshr2
 $66b9 = posdeshr1
 $66be = hlshr2
 $66c9 = hlshr2.noinc1
 $66d0 = poshlshr2
 $66d9 = board2hitflipper
 $66e6 = board2hitflipper.bottoms
 $66f0 = board2hitflipper.bottomleft
 $6704 = board2hitflipper.bottomright
 $6718 = board2hitflipper.tops
 $6722 = board2hitflipper.topleft
 $6736 = board2hitflipper.topright
 $674a = dohitflipperstrong
 $6752 = dohitflipperstrong.noinch
 $6756 = dohitflipper
 $675e = dohitflipper.noinch
 $6760 = dohitflipperboth
 $67c7 = dohitflipperboth.dok
 $67d4 = dohitflipperboth.bok1
 $67f4 = dohitflipperboth.bok2
 $6811 = hitbumper
 $6825 = hitbumper.weak
 $6827 = hitbumper.hard
 $6832 = hitbumper.bad1
 $6846 = hitbumper.hok1
 $6859 = hitbumper.bad2
 $686d = hitbumper.hok2
 $6881 = pinview
 $6887 = pinview.findmaxy
 $689d = pinview.smallery
 $689d = pinview.notusedy
 $68ac = pinview.findmaxx
 $68c2 = pinview.smallerx
 $68c2 = pinview.notusedx
 $68d6 = pinview.deok
 $68de = pinview.hlok3
 $68e8 = pinview.hlok
 $68f9 = pinview.hlok2
 $68fa = textpalettes
 $6905 = pin_setup
 $6966 = pin_setup.panel
 $69a6 = setupboard
 $69b3 = setupboard.notfirst
 $69ed = firstsetup
 $6a1c = firstsetup.setballs
 $6a2f = ballnumbers
 $6a32 = pin_shutdown
 $6a3e = tilts
 $6a4d = tilts.right
 $6a69 = dotilt
 $6a77 = dotilt.nochange
 $6a82 = dotilt.noincd
 $6a8d = dotilt.noend
 $6a98 = rtilts
 $6aa4 = ltilts
 $6ab0 = utilts
 $6abc = checktilt
 $6b4b = checktilt.careful
 $6b56 = checktilt.danger
 $6b61 = checktilt.tilt
 $6b76 = tiltspans
 $6b79 = tiltlimits
 $6b7c = timelimit
 $6b9b = negbc
 $6ba3 = negde
 $6bab = sqrtab
 $6bed = ballcollisions
 $6c09 = ballcollisions.no12
 $6c1a = ballcollisions.no13
 $6c1a = ballcollisions.no1213
 $6c34 = ballpushvals
 $6c44 = ballcollision
 $6c6e = ballcollision.insidexbox
 $6c8d = ballcollision.outsidecircle
 $6c92 = ballcollision.insideybox
 $6d41 = ballcollision.departing
 $6d52 = ballcollision.pushcount
 $6d6b = ballcollision.bok1
 $6d6e = ballcollision.pushlpx
 $6d94 = ballcollision.bok2
 $6d97 = ballcollision.pushlpy
 $6dad = mulbcdetohl
 $6db0 = mulbcdetohl.mullp
 $6db7 = mulbcdetohl.noadd
 $6dc0 = normalize
 $6dce = normalize.dxpos
 $6dd7 = normalize.dypos
 $6dd9 = normalize.shiftlp
 $6de1 = normalize.shiftenter
 $6ded = normalize.loop
 $6dfe = normalize.diff1
 $6e06 = normalize.diff2
 $6e35 = normalize.outside
 $6e39 = normalize.inside
 $6e3d = normalize.signs
 $6e48 = normalize.xpos
 $6e50 = normalize.ypos
 $6e51 = pinbyte
 $6e5a = pinbyte.layerok
 $6e8a = flipper3b2deltas
 $6e8a = flipper1b2deltas
 $6e8a = lflipperdeltas
 $6e8a = sublflipperdeltas
 $6e9c = subrflipperdeltas
 $6e9c = flipper2b2deltas
 $6e9c = flipper4b2deltas
 $6e9c = rflipperdeltas
 $6eae = lflipper3deltas
 $6ec0 = lflipper4deltas
 $6ed2 = statusprocess
 $6ed8 = statusprocess.declp
 $6ee3 = statusprocess.notactive
 $6ef4 = statusprocess.next
 $6f06 = statusprocess.found
 $6f15 = statusprocess.checkscore
 $6f1a = statusprocess.forcescore
 $6f26 = messageblocks
 $6f2e = SubHitFlipper
 $6f3b = SubHitFlipper.right2
 $6f4f = SubHitFlipper.left2
 $6f63 = pin_end
 $6f64 = Fire
 $6f64 = fire_top
 $6f74 = fireloop
 $6f83 = fireloop.nozero
 $6fda = fireloop.skip
 $6ff1 = fireloop.notfirst
 $6ff9 = firedone
 $6ffd = fire_setup
 $703d = fire_setup.ff
 $7056 = fire_shutdown
 $705c = glintlist
 $7084 = processfireworks
 $708a = processfireworks.clr
 $7099 = processfireworks.pflp
 $70b1 = processfireworks.noglint
 $70f2 = processfireworks.cull
 $7108 = processfireworks.nocull
 $7109 = processfireworks.next
 $7116 = newfire
 $715f = newfire.nospace
 $7163 = fdxdy
 $7563 = firergb
 $75a3 = firemap
 $75db = fire_end
 $75dc = IR
 $75e5 = transfer
 $75ed = transfer.www
 $75fc = transmit
 $7616 = receive
 $762e = mergehighs
 $766a = merge1
 $7678 = sendhighs
 $767f = sendhighs.shlp
 $7694 = receivehighs
 $7699 = receivehighs.rhlp
 $76ae = irerror
 $76b2 = mergehigh
 $76b5 = mergehigh.anysame
 $76c6 = mergehigh.out
 $76cb = mergehigh.complp
 $76cf = mergehigh.ci
 $76da = mergehigh.next
 $76e5 = mergehigh.bigger
 $76f9 = mergehigh.movelp
 $7701 = mergehigh.doit
 $7704 = mergehigh.m2
 $770d = mergehigh.done
 $771a = hscomp
 $771e = hscomp.complp
 $7727 = hscomp.out
 $772a = irInit
 $7734 = irCountHi.Hray01
 $7734 = irCountHi
 $773c = irCountLo
 $773c = irCountLo.Lray01
 $7744 = irHi
 $7747 = irHi.Hret01
 $774b = irLo
 $774e = irLo.Hret01
 $7752 = irReceiveConnect
 $779e = irTransmitConnect
 $77ec = irDisconnect
 $77f5 = irSendPacket
 $7841 = irSend
 $7850 = irSend.next_byte
 $786c = irSend.summed
 $786f = irSend.next_bit
 $786f = irSend.wsummed
 $7874 = irSend.send_1
 $7886 = irSend.send_0
 $7896 = irSend.sended
 $78a7 = irSend.byte_end
 $78a9 = irSend.s_finished
 $78bd = irErrPulse
 $78c3 = irErrSum
 $78cc = irErrOther
 $78d5 = irRecvPacket
 $7915 = irRecvPacket.irErrSum
 $791d = irRecvPacket.irNormal
 $7930 = irRecv
 $795b = irRecv.next_byte
 $7963 = irRecv.next_bit
 $7972 = irRecv.recv_1
 $7978 = irRecv.recv_0
 $797c = irRecv.received
 $7990 = irRecv.byte_end
 $79a4 = irRecv.summed
 $79a7 = irRecv.wsummed
 $79a9 = irRecv.r_finished
 $79b9 = irSendEOF
 $79be = irRecvEOF
 $79c3 = dmy
 $79c4 = dmy5
 $79c6 = dmy5.a
 $79c8 = dmy5.b
