dave/chip/swd/chipbg.bg
dave/chip/swd/chipbw.bg
dave/sultan/swd/sulbck.bg
dave/sultan/swd/sulbckbw.bg
dave/ride/swd/ridegmb.chr
dave/ride/swd/ride0.pkg
dave/ride/swd/ride1.pkg
dave/whackoff/bst001.chr
dave/whackoff/bst002.chr
dave/whackoff/bst003.chr
dave/whackoff/bst004.chr
dave/whackoff/bst005.chr
dave/whackoff/bst006.chr
dave/whackoff/bst007.chr
dave/whackoff/bst008.chr
dave/whackoff/bst009.chr
dave/whackoff/bst010.chr
dave/whackoff/bst011.chr
dave/whackoff/bst012.chr
dave/whackoff/bst013.chr
dave/whackoff/bst014.chr
dave/whackoff/bst015.chr
dave/whackoff/bst016.chr
dave/whackoff/swd/bst000.chr
dave/whackoff/bw001.chr
dave/whackoff/bw002.chr
dave/whackoff/bw003.chr
dave/whackoff/bw004.chr
dave/whackoff/bw005.chr
dave/whackoff/bw006.chr
dave/whackoff/bw007.chr
dave/whackoff/bw008.chr
dave/whackoff/bw009.chr
dave/whackoff/bw010.chr
dave/whackoff/bw011.chr
dave/whackoff/bw012.chr
dave/whackoff/bw013.chr
dave/whackoff/bw014.chr
dave/whackoff/bw015.chr
dave/whackoff/bw016.chr
dave/whackoff/swd/bw000.chr
dave/chopper/swd/mr000.map
dave/chopper/swd/mrbw000.map
dave/chopper/swd/mr000.chr
dave/chopper/mr001.chr
dave/chopper/mr002.chr
dave/chopper/mr003.chr
dave/chopper/mr004.chr
dave/chopper/mr005.chr
dave/chopper/mr006.chr
dave/chopper/mr007.chr
dave/chopper/mr008.chr
dave/chopper/mr009.chr
dave/chopper/mr010.chr
dave/chopper/mr011.chr
dave/chopper/mr012.chr
dave/chopper/mr013.chr
dave/chopper/mr014.chr
dave/chopper/mr015.chr
dave/chopper/mr016.chr
dave/chopper/mr017.chr
dave/chopper/mr018.chr
dave/chopper/axe001.chr
dave/chopper/axe002.chr
dave/chopper/axe003.chr
dave/chopper/axe004.chr
dave/chopper/axe005.chr
dave/chopper/swd/mrbw000.chr
dave/chopper/mrbw001.chr
dave/chopper/mrbw002.chr
dave/chopper/mrbw003.chr
dave/chopper/mrbw004.chr
dave/chopper/mrbw005.chr
dave/chopper/mrbw006.chr
dave/chopper/mrbw007.chr
dave/chopper/mrbw008.chr
dave/chopper/mrbw009.chr
dave/chopper/mrbw010.chr
dave/chopper/mrbw011.chr
dave/chopper/mrbw012.chr
dave/chopper/mrbw013.chr
dave/chopper/mrbw014.chr
dave/chopper/mrbw015.chr
dave/chopper/mrbw016.chr
dave/chopper/mrbw017.chr
dave/chopper/mrbw018.chr
dave/chopper/axbw001.chr
dave/chopper/axbw002.chr
dave/chopper/axbw003.chr
dave/chopper/axbw004.chr
dave/chopper/axbw005.chr
dave/stove/swd/stovebg.chr
dave/stove/swd/stovebg.map
dave/stove/stv001.chr
dave/stove/stv002.chr
dave/stove/stv003.chr
dave/stove/stv004.chr
dave/stove/stv005.chr
dave/stove/stv006.chr
dave/stove/stv007.chr
dave/stove/stv008.chr
dave/stove/stv009.chr
dave/stove/stv010.chr
dave/stove/stv011.chr
dave/stove/stv012.chr
dave/stove/stv013.chr
dave/stove/stv014.chr
dave/stove/swd/stovebw.chr
dave/stove/swd/stovebw.map
dave/stove/stbw001.chr
dave/stove/stbw002.chr
dave/stove/stbw003.chr
dave/stove/stbw004.chr
dave/stove/stbw005.chr
dave/stove/stbw006.chr
dave/stove/stbw007.chr
dave/stove/stbw008.chr
dave/stove/stbw009.chr
dave/stove/stbw010.chr
dave/stove/stbw011.chr
dave/stove/stbw012.chr
dave/stove/stbw013.chr
dave/stove/stbw014.chr
dave/spit/rock1.pkg
dave/spit/rock2.pkg
dave/spit/srock1.pkg
dave/spit/srock2.pkg
dave/spit/rock1bw.pkg
dave/spit/rock2bw.pkg
dave/spit/srock1bw.pkg
dave/spit/srock2bw.pkg
dave/spit/swd/gaston.chr
dave/spit/swd/gaston.map
dave/spit/swd/gastonbw.chr
dave/spit/swd/gastonbw.map
dave/spit/swd/judge1.chr
dave/spit/swd/judge1.map
dave/spit/swd/judge2.chr
dave/spit/swd/judge3.map
dave/spit/swd/judge3.chr
dave/spit/swd/judge2.map
dave/spit/swd/judge1bw.chr
dave/spit/swd/judge1bw.map
dave/spit/swd/judge2bw.chr
dave/spit/swd/judge2bw.map
dave/spit/swd/judge3bw.chr
dave/spit/swd/judge3bw.map
dave/cellar/swd/cellar.map
dave/cellar/swd/cellar.chr
dave/cellar/swd/cellarbw.map
dave/cellar/swd/cellarbw.chr
dave/dance/swd/fd000.map
dave/dance/swd/fd001.map
dave/dance/swd/fd002.map
dave/dance/swd/fd003.map
dave/dance/swd/fd004.map
dave/dance/swd/fd005.map
dave/dance/swd/fd006.map
dave/dance/swd/fd007.map
dave/dance/swd/fd008.map
dave/dance/swd/fd009.map
dave/dance/swd/fd010.map
dave/dance/swd/fd011.map
dave/dance/swd/fd012.map
dave/dance/swd/fd013.map
dave/dance/swd/fd014.map
dave/dance/swd/fd015.map
dave/dance/swd/fd016.map
dave/dance/swd/fd017.map
dave/dance/swd/fd018.map
dave/dance/swd/fd019.map
dave/dance/swd/fd020.map
dave/dance/swd/fd021.map
dave/dance/swd/fd000.chr
dave/dance/swd/fd001.chr
dave/dance/swd/fd002.chr
dave/dance/swd/fd003.chr
dave/dance/swd/fd004.chr
dave/dance/swd/fd005.chr
dave/dance/swd/fd006.chr
dave/dance/swd/fd007.chr
dave/dance/swd/fd008.chr
dave/dance/swd/fd009.chr
dave/dance/swd/fd010.chr
dave/dance/swd/fd011.chr
dave/dance/swd/fd012.chr
dave/dance/swd/fd013.chr
dave/dance/swd/fd014.chr
dave/dance/swd/fd015.chr
dave/dance/swd/fd016.chr
dave/dance/swd/fd017.chr
dave/dance/swd/fd018.chr
dave/dance/swd/fd019.chr
dave/dance/swd/fd020.chr
dave/dance/swd/fd021.chr
dave/dance/swd/bwd000.map
dave/dance/swd/bwd001.map
dave/dance/swd/bwd002.map
dave/dance/swd/bwd003.map
dave/dance/swd/bwd004.map
dave/dance/swd/bwd005.map
dave/dance/swd/bwd006.map
dave/dance/swd/bwd007.map
dave/dance/swd/bwd008.map
dave/dance/swd/bwd009.map
dave/dance/swd/bwd010.map
dave/dance/swd/bwd011.map
dave/dance/swd/bwd012.map
dave/dance/swd/bwd013.map
dave/dance/swd/bwd014.map
dave/dance/swd/bwd015.map
dave/dance/swd/bwd016.map
dave/dance/swd/bwd017.map
dave/dance/swd/bwd018.map
dave/dance/swd/bwd019.map
dave/dance/swd/bwd020.map
dave/dance/swd/bwd021.map
dave/dance/swd/bwd000.chr
dave/dance/swd/bwd001.chr
dave/dance/swd/bwd002.chr
dave/dance/swd/bwd003.chr
dave/dance/swd/bwd004.chr
dave/dance/swd/bwd005.chr
dave/dance/swd/bwd006.chr
dave/dance/swd/bwd007.chr
dave/dance/swd/bwd008.chr
dave/dance/swd/bwd009.chr
dave/dance/swd/bwd010.chr
dave/dance/swd/bwd011.chr
dave/dance/swd/bwd012.chr
dave/dance/swd/bwd013.chr
dave/dance/swd/bwd014.chr
dave/dance/swd/bwd015.chr
dave/dance/swd/bwd016.chr
dave/dance/swd/bwd017.chr
dave/dance/swd/bwd018.chr
dave/dance/swd/bwd019.chr
dave/dance/swd/bwd020.chr
dave/dance/swd/bwd021.chr
dave/misc/swd/cdtitle.pkg
dave/misc/swd/bdtitle.pkg
dave/misc/cnin.pkg
dave/misc/bnin.pkg
dave/misc/cleft.pkg
dave/misc/bleft.pkg
dave/misc/cdscroll.pkg
dave/misc/bdscroll.pkg
dave/misc/cpaused.pkg
dave/misc/bpaused.pkg
dave/misc/clegal.pkg
dave/misc/blegal.pkg
dave/logo/swd/disney00.chr
dave/logo/swd/disney01.chr
dave/logo/swd/disney02.chr
dave/logo/swd/disney03.chr
dave/logo/swd/disney04.chr
dave/logo/swd/disney05.chr
dave/logo/swd/disney06.chr
dave/logo/swd/disney07.chr
dave/logo/swd/disney08.chr
dave/logo/swd/disney09.chr
dave/logo/swd/disney10.chr
dave/logo/swd/disney11.chr
dave/logo/swd/disney12.chr
dave/logo/swd/disney13.chr
dave/logo/swd/disney14.chr
dave/logo/swd/disney15.chr
dave/logo/swd/disney16.chr
dave/logo/swd/disney17.chr
dave/logo/swd/disney18.chr
dave/logo/swd/disney19.chr
dave/logo/swd/disney20.chr
dave/logo/swd/disney21.chr
dave/logo/swd/disney22.chr
dave/logo/swd/disney23.chr
dave/logo/swd/disney24.chr
dave/logo/swd/disney25.chr
dave/logo/swd/disney26.chr
dave/logo/swd/disney27.chr
dave/logo/swd/disney28.chr
dave/logo/swd/disney29.chr
dave/logo/swd/disney30.chr
dave/logo/swd/disney31.chr
dave/logo/swd/disney32.chr
dave/logo/swd/disney33.chr
dave/logo/swd/disney34.chr
dave/logo/swd/disney35.chr
dave/logo/swd/disney36.chr
dave/logo/swd/disney37.chr
dave/logo/swd/disney38.chr
dave/logo/swd/disney39.chr
dave/logo/swd/disney00.map
dave/logo/swd/disney01.map
dave/logo/swd/disney02.map
dave/logo/swd/disney03.map
dave/logo/swd/disney04.map
dave/logo/swd/disney05.map
dave/logo/swd/disney06.map
dave/logo/swd/disney07.map
dave/logo/swd/disney08.map
dave/logo/swd/disney09.map
dave/logo/swd/disney10.map
dave/logo/swd/disney11.map
dave/logo/swd/disney12.map
dave/logo/swd/disney13.map
dave/logo/swd/disney14.map
dave/logo/swd/disney15.map
dave/logo/swd/disney16.map
dave/logo/swd/disney17.map
dave/logo/swd/disney18.map
dave/logo/swd/disney19.map
dave/logo/swd/disney20.map
dave/logo/swd/disney21.map
dave/logo/swd/disney22.map
dave/logo/swd/disney23.map
dave/logo/swd/disney24.map
dave/logo/swd/disney25.map
dave/logo/swd/disney26.map
dave/logo/swd/disney27.map
dave/logo/swd/disney28.map
dave/logo/swd/disney29.map
dave/logo/swd/disney30.map
dave/logo/swd/disney31.map
dave/logo/swd/disney32.map
dave/logo/swd/disney33.map
dave/logo/swd/disney34.map
dave/logo/swd/disney35.map
dave/logo/swd/disney36.map
dave/logo/swd/disney37.map
dave/logo/swd/disney38.map
dave/logo/swd/disney39.map
dave/logo/swd/disneybw.chr
dave/logo/swd/disneybw.map
dave/fire/fire.chr
dave/fire/swd/ccastle.bg
dave/fire/swd/bcastle.bg
dave/misc/swd/csngl1t.pkg
dave/misc/swd/csngl2t.pkg
dave/misc/swd/csngl3t.pkg
dave/misc/swd/cmulti1t.pkg
dave/misc/swd/cmulti2t.pkg
dave/misc/swd/cmulti3t.pkg
dave/misc/swd/cmulti4t.pkg
dave/misc/swd/cmarkt.pkg
dave/kiss/swd/ckiss000.chr
dave/kiss/swd/ckiss001.chr
dave/kiss/swd/ckiss002.chr
dave/kiss/swd/ckiss003.chr
dave/kiss/swd/ckiss004.chr
dave/kiss/swd/ckiss005.chr
dave/kiss/swd/ckiss006.chr
dave/kiss/swd/ckiss007.chr
dave/kiss/swd/ckiss000.map
dave/kiss/swd/ckiss001.map
dave/kiss/swd/ckiss002.map
dave/kiss/swd/ckiss003.map
dave/kiss/swd/ckiss004.map
dave/kiss/swd/ckiss005.map
dave/kiss/swd/ckiss006.map
dave/kiss/swd/ckiss007.map
dave/kiss/swd/bkiss000.chr
dave/kiss/swd/bkiss001.chr
dave/kiss/swd/bkiss002.chr
dave/kiss/swd/bkiss003.chr
dave/kiss/swd/bkiss004.chr
dave/kiss/swd/bkiss005.chr
dave/kiss/swd/bkiss006.chr
dave/kiss/swd/bkiss007.chr
dave/kiss/swd/bkiss000.map
dave/kiss/swd/bkiss001.map
dave/kiss/swd/bkiss002.map
dave/kiss/swd/bkiss003.map
dave/kiss/swd/bkiss004.map
dave/kiss/swd/bkiss005.map
dave/kiss/swd/bkiss006.map
dave/kiss/swd/bkiss007.map
